[Licensing::Module] Trying to connect to existing licensing client channel...
[Licensing::IpcConnector] Successfully connected to the License Client on channel: "LicenseClient-POWER ADE" at "2026-09-21T06:20:24.5908967Z"
[Licensing::Client] Error: Code 10 while verifying Licensing Client signature (process Id: 1920, path: "C:/Program Files/Unity Hub/UnityLicensingClient_V1/Unity.Licensing.Client.exe")
[Licensing::Module] Error: LicensingClient has failed validation; ignoring
[Licensing::Client] Handshaking with LicensingClient:
  Version:                 1.18.3+d7ffd15
  Session Id:              f6c55cc33f334021af41039c2eb4e233
  Correlation Id:          9e3b24f55ba8cef8bc2bbc6bde93f8cd
  External correlation Id: 6007604145468776552
  Machine Id:              +aDahvyAu/YARNZHnbuiwmVlWdc=
[Licensing::Module] Successfully connected to LicensingClient on channel: "LicenseClient-POWER ADE" (connect: 0.00s, validation: 0.01s, handshake: 0.15s)
[Licensing::IpcConnector] Successfully connected to the License Notification on channel: "LicenseClient-POWER ADE-notifications" at "2026-09-21T06:20:24.7552479Z"
[Licensing::Module] Error: Access token is unavailable; failed to update
[Licensing::Client] Successfully updated license
Built from '2022.3/staging' branch; Version is '2022.3.43f1 (85497d293fa1) revision 8735101'; Using compiler version '192829333'; Build Type 'Release'
OS: 'Windows 11  (10.0.26200) 64bit Core' Language: 'ko' Physical Memory: 32693 MB
[Licensing::Client] Successfully resolved entitlement details
[Licensing::Module] Serial number assigned to: "14569807608354-UnityPersXXXX"
BatchMode: 1, IsHumanControllingUs: 0, StartBugReporterOnCrash: 0, Is64bit: 1, IsPro: 0
[Licensing::Client] Successfully resolved entitlement details

COMMAND LINE ARGUMENTS:
D:\SPT Dev\02_Resources\Toolchain\Unity2022.3.43f1\Editor\Unity.exe
-batchmode
-nographics
-quit
-projectPath
D:\SPT Dev\K2-Project\Unity
-executeMethod
BuildK2Visual.Build
-logFile
D:\SPT Dev\K2-Project\Artifacts\unity-build-20260921-152024.log
Successfully changed project path to: D:\SPT Dev\K2-Project\Unity
D:/SPT Dev/K2-Project/Unity
[UnityMemory] Configuration Parameters - Can be set up in boot.config
    "memorysetup-bucket-allocator-granularity=16"
    "memorysetup-bucket-allocator-bucket-count=8"
    "memorysetup-bucket-allocator-block-size=33554432"
    "memorysetup-bucket-allocator-block-count=8"
    "memorysetup-main-allocator-block-size=16777216"
    "memorysetup-thread-allocator-block-size=16777216"
    "memorysetup-gfx-main-allocator-block-size=16777216"
    "memorysetup-gfx-thread-allocator-block-size=16777216"
    "memorysetup-cache-allocator-block-size=4194304"
    "memorysetup-typetree-allocator-block-size=2097152"
    "memorysetup-profiler-bucket-allocator-granularity=16"
    "memorysetup-profiler-bucket-allocator-bucket-count=8"
    "memorysetup-profiler-bucket-allocator-block-size=33554432"
    "memorysetup-profiler-bucket-allocator-block-count=8"
    "memorysetup-profiler-allocator-block-size=16777216"
    "memorysetup-profiler-editor-allocator-block-size=1048576"
    "memorysetup-temp-allocator-size-main=16777216"
    "memorysetup-job-temp-allocator-block-size=2097152"
    "memorysetup-job-temp-allocator-block-size-background=1048576"
    "memorysetup-job-temp-allocator-reduction-small-platforms=262144"
    "memorysetup-allocator-temp-initial-block-size-main=262144"
    "memorysetup-allocator-temp-initial-block-size-worker=262144"
    "memorysetup-temp-allocator-size-background-worker=32768"
    "memorysetup-temp-allocator-size-job-worker=262144"
    "memorysetup-temp-allocator-size-preload-manager=33554432"
    "memorysetup-temp-allocator-size-nav-mesh-worker=65536"
    "memorysetup-temp-allocator-size-audio-worker=65536"
    "memorysetup-temp-allocator-size-cloud-worker=32768"
    "memorysetup-temp-allocator-size-gi-baking-worker=262144"
    "memorysetup-temp-allocator-size-gfx=262144"
Player connection [28000]  Target information:

Player connection [28000]  * "[IP] 192.168.123.104 [Port] 55504 [Flags] 2 [Guid] 3984490111 [EditorId] 3984490111 [Version] 1048832 [Id] WindowsEditor(7,DESKTOP-0R7MAHK) [Debug] 1 [PackageName] WindowsEditor [ProjectName] Editor" 

Player connection [28000] Host joined multi-casting on [225.0.0.222:54997]...
Player connection [28000] Host joined alternative multi-casting on [225.0.0.222:34997]...
[PhysX] Initialized MultithreadedTaskDispatcher with 12 workers.
[Package Manager] UpmClient::Connect -- Connected to IPC stream "Upm-30280" after 0.1 seconds.
Rebuilding Library because the asset database could not be found!
[Package Manager] Done resolving packages in 1.30 seconds
[Licensing::Client] Successfully resolved entitlement details
[Package Manager] Lock file was created
[Package Manager] Registered 3 packages:
  Built-in packages:
    com.unity.modules.imageconversion@1.0.0 (location: D:\SPT Dev\K2-Project\Unity\Library\PackageCache\com.unity.modules.imageconversion@1.0.0)
    com.unity.modules.jsonserialize@1.0.0 (location: D:\SPT Dev\K2-Project\Unity\Library\PackageCache\com.unity.modules.jsonserialize@1.0.0)
    com.unity.modules.assetbundle@1.0.0 (location: D:\SPT Dev\K2-Project\Unity\Library\PackageCache\com.unity.modules.assetbundle@1.0.0)
[Subsystems] No new subsystems found in resolved package list.
Package Manager log level set to [2]
[Package Manager] Done registering packages in 0.08 seconds
Refreshing native plugins compatible for Editor in 0.00 ms, found 0 plugins.
Preloading 0 native plugins for Editor in 0.00 ms.
Initialize engine version: 2022.3.43f1 (85497d293fa1)
[Subsystems] Discovering subsystems at path D:/SPT Dev/02_Resources/Toolchain/Unity2022.3.43f1/Editor/Data/Resources/UnitySubsystems
[Subsystems] Discovering subsystems at path D:/SPT Dev/K2-Project/Unity/Assets
Forcing GfxDevice: Null
GfxDevice: creating device client; threaded=0; jobified=0
NullGfxDevice:
    Version:  NULL 1.0 [1.0]
    Renderer: Null Device
    Vendor:   Unity Technologies
[Licensing::Client] Successfully resolved entitlement details
Initialize mono
Mono path[0] = 'D:/SPT Dev/02_Resources/Toolchain/Unity2022.3.43f1/Editor/Data/Managed'
Mono path[1] = 'D:/SPT Dev/02_Resources/Toolchain/Unity2022.3.43f1/Editor/Data/MonoBleedingEdge/lib/mono/unityjit-win32'
Mono config path = 'D:/SPT Dev/02_Resources/Toolchain/Unity2022.3.43f1/Editor/Data/MonoBleedingEdge/etc'
Using monoOptions --debugger-agent=transport=dt_socket,embedding=1,server=y,suspend=n,address=127.0.0.1:56280
Using cacheserver namespaces - metadata:defaultmetadata, artifacts:defaultartifacts
Using cacheserver namespaces - metadata:defaultmetadata, artifacts:defaultartifacts
ImportWorker Server TCP listen port: 0
Begin MonoManager ReloadAssembly
Registering precompiled unity dll's ...
Register platform support module: D:/SPT Dev/02_Resources/Toolchain/Unity2022.3.43f1/Editor/Data/PlaybackEngines/WindowsStandaloneSupport/UnityEditor.WindowsStandalone.Extensions.dll
Registered in 0.004545 seconds.
- Loaded All Assemblies, in  0.282 seconds
Native extension for WindowsStandalone target not found
Mono: successfully reloaded assembly
- Finished resetting the current domain, in  0.223 seconds
Domain Reload Profiling: 505ms
	BeginReloadAssembly (100ms)
		ExecutionOrderSort (0ms)
		DisableScriptedObjects (0ms)
		BackupInstance (0ms)
		ReleaseScriptingObjects (0ms)
		CreateAndSetChildDomain (1ms)
	RebuildCommonClasses (27ms)
	RebuildNativeTypeToScriptingClass (7ms)
	initialDomainReloadingComplete (43ms)
	LoadAllAssembliesAndSetupDomain (104ms)
		LoadAssemblies (99ms)
		RebuildTransferFunctionScriptingTraits (0ms)
		AnalyzeDomain (102ms)
			TypeCache.Refresh (101ms)
				TypeCache.ScanAssembly (90ms)
			ScanForSourceGeneratedMonoScriptInfo (0ms)
			ResolveRequiredComponents (0ms)
	FinalizeReload (223ms)
		ReleaseScriptCaches (0ms)
		RebuildScriptCaches (0ms)
		SetupLoadedEditorAssemblies (187ms)
			LogAssemblyErrors (0ms)
			InitializePlatformSupportModulesInManaged (8ms)
			SetLoadedEditorAssemblies (6ms)
			RefreshPlugins (0ms)
			BeforeProcessingInitializeOnLoad (2ms)
			ProcessInitializeOnLoadAttributes (125ms)
			ProcessInitializeOnLoadMethodAttributes (46ms)
			AfterProcessingInitializeOnLoad (0ms)
			EditorAssembliesLoaded (0ms)
		ExecutionOrderSort2 (0ms)
		AwakeInstancesAfterBackupRestoration (0ms)
[Licensing::Client] Successfully resolved entitlement details
Application.AssetDatabase Initial Refresh Start
[ScriptCompilation] Requested script compilation because: Assetdatabase observed changes in script compilation related files
Starting: D:\SPT Dev\02_Resources\Toolchain\Unity2022.3.43f1\Editor\Data\bee_backend.exe --dont-print-to-structured-log --ipc --defer-dag-verification --dagfile="Library/Bee/1900b0aE.dag" --continue-on-failure --profile="Library/Bee/backend1.traceevents" ScriptAssemblies
WorkingDir: D:/SPT Dev/K2-Project/Unity
ExitCode: 4 Duration: 0s75ms
[             ] Require frontend run.  Library/Bee/1900b0aE.dag couldn't be loaded
DisplayProgressbar: Compiling Scripts
Starting: D:\SPT Dev\02_Resources\Toolchain\Unity2022.3.43f1\Editor\Data\Tools\netcorerun\netcorerun.exe "D:\SPT Dev\02_Resources\Toolchain\Unity2022.3.43f1\Editor\Data\Tools\BuildPipeline\ScriptCompilationBuildProgram.exe" "Library/Bee/1900b0aE.dag.json" "Library/Bee/1900b0aE-inputdata.json" "Library\Bee\buildprogram0.traceevents"
WorkingDir: D:/SPT Dev/K2-Project/Unity
ExitCode: 0 Duration: 0s395ms
Starting: D:\SPT Dev\02_Resources\Toolchain\Unity2022.3.43f1\Editor\Data\bee_backend.exe --dont-print-to-structured-log --ipc --defer-dag-verification --dagfile="Library/Bee/1900b0aE.dag" --continue-on-failure --dagfilejson="Library\Bee\1900b0aE.dag.json" --profile="Library/Bee/backend2.traceevents" ScriptAssemblies
WorkingDir: D:/SPT Dev/K2-Project/Unity
ExitCode: 0 Duration: 3s392ms
Finished compiling graph: 97 nodes, 282 flattened edges (278 ToBuild, 2 ToUse), maximum node priority 13
[ 1/95      0s] MovedFromExtractor Library/Bee/artifacts/mvdfrm/UnityEngine.UmbraModule.dll_29A726094FD5EDEB.mvfrm
[ 2/95      0s] MovedFromExtractor Library/Bee/artifacts/mvdfrm/UnityEngine.WindModule.dll_A3CD4074B784461A.mvfrm
[ 3/95      0s] MovedFromExtractor Library/Bee/artifacts/mvdfrm/UnityEditor.WindowsStandalone.Extensions.dll_83440A7113A0337A.mvfrm
[ 4/95      0s] MovedFromExtractor Library/Bee/artifacts/mvdfrm/UnityEngine.VehiclesModule.dll_F91F9AD0AF5BC9A9.mvfrm
[ 5/95      0s] MovedFromExtractor Library/Bee/artifacts/mvdfrm/UnityEngine.VRModule.dll_6468D4FFC8B0613E.mvfrm
[ 6/95      0s] MovedFromExtractor Library/Bee/artifacts/mvdfrm/UnityEditor.DiagnosticsModule.dll_C7BC5724093CB5A9.mvfrm
[ 7/95      0s] MovedFromExtractor Library/Bee/artifacts/mvdfrm/UnityEditor.DeviceSimulatorModule.dll_A1D79CE13F97021B.mvfrm
[ 8/95      0s] MovedFromExtractor Library/Bee/artifacts/mvdfrm/UnityEngine.VirtualTexturingModule.dll_688A1D397E196F0F.mvfrm
[ 9/95      0s] MovedFromExtractor Library/Bee/artifacts/mvdfrm/UnityEngine.VideoModule.dll_D3DBFE5B85415E1D.mvfrm
[10/95      0s] MovedFromExtractor Library/Bee/artifacts/mvdfrm/UnityEngine.VFXModule.dll_DCCDCBFCBA2E6C4A.mvfrm
[11/95      0s] MovedFromExtractor Library/Bee/artifacts/mvdfrm/UnityEngine.XRModule.dll_9727980451EAAE9C.mvfrm
[12/95      0s] MovedFromExtractor Library/Bee/artifacts/mvdfrm/UnityEditor.CoreModule.dll_0A5D91F97E485C86.mvfrm
[13/95      0s] MovedFromExtractor Library/Bee/artifacts/mvdfrm/UnityEngine.UnityWebRequestAudioModule.dll_2545E67E36B21808.mvfrm
[14/95      0s] MovedFromExtractor Library/Bee/artifacts/mvdfrm/UnityEngine.UnityWebRequestTextureModule.dll_DA0244100FD37EDD.mvfrm
[15/95      0s] MovedFromExtractor Library/Bee/artifacts/mvdfrm/UnityEngine.UnityWebRequestModule.dll_251564AD3C6B6212.mvfrm
[16/95      0s] MovedFromExtractor Library/Bee/artifacts/mvdfrm/UnityEngine.UnityWebRequestAssetBundleModule.dll_AB4D1E901C13F284.mvfrm
[17/95      0s] MovedFromExtractor Library/Bee/artifacts/mvdfrm/UnityEngine.UnityWebRequestWWWModule.dll_918D12351A3DD399.mvfrm
[18/95      0s] MovedFromExtractor Library/Bee/artifacts/mvdfrm/UnityEngine.UnityConnectModule.dll_8453128CBB2D4EE7.mvfrm
[19/95      0s] MovedFromExtractor Library/Bee/artifacts/mvdfrm/UnityEngine.UnityCurlModule.dll_459902A3C2B704F3.mvfrm
[20/95      0s] MovedFromExtractor Library/Bee/artifacts/mvdfrm/UnityEngine.UnityTestProtocolModule.dll_1894E9BBE5A292E1.mvfrm
[21/95      0s] MovedFromExtractor Library/Bee/artifacts/mvdfrm/UnityEngine.UnityAnalyticsCommonModule.dll_48884FE3CA2FEBCE.mvfrm
[22/95      0s] MovedFromExtractor Library/Bee/artifacts/mvdfrm/UnityEngine.UnityAnalyticsModule.dll_941965757C707173.mvfrm
[23/95      0s] MovedFromExtractor Library/Bee/artifacts/mvdfrm/UnityEditor.Graphs.dll_3C0F2D087FB6E0B8.mvfrm
[24/95      0s] MovedFromExtractor Library/Bee/artifacts/mvdfrm/UnityEngine.UIModule.dll_1196AE7A26F5DBC6.mvfrm
[25/95      0s] MovedFromExtractor Library/Bee/artifacts/mvdfrm/UnityEngine.TLSModule.dll_5BEF338DE3C102DD.mvfrm
[26/95      0s] MovedFromExtractor Library/Bee/artifacts/mvdfrm/UnityEngine.TilemapModule.dll_70C276A2B3FF9640.mvfrm
[27/95      0s] MovedFromExtractor Library/Bee/artifacts/mvdfrm/UnityEngine.TextRenderingModule.dll_5D2CC4214E975941.mvfrm
[28/95      0s] MovedFromExtractor Library/Bee/artifacts/mvdfrm/UnityEngine.UIElementsModule.dll_7FC9D9DDF993534D.mvfrm
[29/95      0s] MovedFromExtractor Library/Bee/artifacts/mvdfrm/UnityEngine.TextCoreTextEngineModule.dll_C6CACCD92A7E172D.mvfrm
[30/95      0s] MovedFromExtractor Library/Bee/artifacts/mvdfrm/UnityEngine.SubstanceModule.dll_A3BC630BED7DC852.mvfrm
[31/95      0s] MovedFromExtractor Library/Bee/artifacts/mvdfrm/UnityEngine.TextCoreFontEngineModule.dll_7EE296679AFA5E0F.mvfrm
[32/95      0s] MovedFromExtractor Library/Bee/artifacts/mvdfrm/UnityEngine.TerrainModule.dll_D1C60F219C42B537.mvfrm
[33/95      0s] MovedFromExtractor Library/Bee/artifacts/mvdfrm/UnityEngine.TerrainPhysicsModule.dll_74F49D7EE98C1A04.mvfrm
[34/95      0s] MovedFromExtractor Library/Bee/artifacts/mvdfrm/UnityEngine.SubsystemsModule.dll_7B8B7875F6671756.mvfrm
[35/95      0s] MovedFromExtractor Library/Bee/artifacts/mvdfrm/UnityEngine.StreamingModule.dll_C7114EC2A22ACA44.mvfrm
[36/95      0s] MovedFromExtractor Library/Bee/artifacts/mvdfrm/UnityEngine.SpriteShapeModule.dll_B016387D7A1C9EFE.mvfrm
[37/95      0s] MovedFromExtractor Library/Bee/artifacts/mvdfrm/UnityEngine.SpriteMaskModule.dll_10DE1214281F2F43.mvfrm
[38/95      0s] MovedFromExtractor Library/Bee/artifacts/mvdfrm/UnityEngine.RuntimeInitializeOnLoadManagerInitializerModule.dll_2CAFB5267DE73164.mvfrm
[39/95      0s] MovedFromExtractor Library/Bee/artifacts/mvdfrm/UnityEngine.ScreenCaptureModule.dll_33ED5216975FD94C.mvfrm
[40/95      0s] MovedFromExtractor Library/Bee/artifacts/mvdfrm/UnityEngine.SharedInternalsModule.dll_97879BD8A8A4C2E3.mvfrm
[41/95      0s] MovedFromExtractor Library/Bee/artifacts/mvdfrm/UnityEngine.ProfilerModule.dll_B3A2DA87CE8B811B.mvfrm
[42/95      0s] MovedFromExtractor Library/Bee/artifacts/mvdfrm/UnityEngine.PhysicsModule.dll_B77F93B2C6846C49.mvfrm
[43/95      0s] MovedFromExtractor Library/Bee/artifacts/mvdfrm/UnityEngine.PropertiesModule.dll_54ECDEC2799AFE05.mvfrm
[44/95      0s] MovedFromExtractor Library/Bee/artifacts/mvdfrm/UnityEngine.PerformanceReportingModule.dll_AD49929FB0474D70.mvfrm
[45/95      0s] MovedFromExtractor Library/Bee/artifacts/mvdfrm/UnityEngine.ParticleSystemModule.dll_7479F4ABD0491F77.mvfrm
[46/95      0s] MovedFromExtractor Library/Bee/artifacts/mvdfrm/UnityEngine.Physics2DModule.dll_5F225162F3A00A9B.mvfrm
[47/95      0s] MovedFromExtractor Library/Bee/artifacts/mvdfrm/UnityEngine.NVIDIAModule.dll_906AAEE3B6A94C3D.mvfrm
[48/95      0s] MovedFromExtractor Library/Bee/artifacts/mvdfrm/UnityEngine.LocalizationModule.dll_54DCCDE609A913FB.mvfrm
[49/95      0s] MovedFromExtractor Library/Bee/artifacts/mvdfrm/UnityEngine.JSONSerializeModule.dll_1A05A49182F3ACEA.mvfrm
[50/95      0s] MovedFromExtractor Library/Bee/artifacts/mvdfrm/UnityEngine.InputModule.dll_154841A138E7671C.mvfrm
[51/95      0s] MovedFromExtractor Library/Bee/artifacts/mvdfrm/UnityEngine.InputLegacyModule.dll_27FA26415C6C1CE5.mvfrm
[52/95      0s] MovedFromExtractor Library/Bee/artifacts/mvdfrm/UnityEngine.IMGUIModule.dll_E732195788E0D659.mvfrm
[53/95      0s] MovedFromExtractor Library/Bee/artifacts/mvdfrm/UnityEngine.ImageConversionModule.dll_13765D033176C793.mvfrm
[54/95      0s] MovedFromExtractor Library/Bee/artifacts/mvdfrm/UnityEngine.GIModule.dll_AE5F595A665DBE34.mvfrm
[55/95      0s] MovedFromExtractor Library/Bee/artifacts/mvdfrm/UnityEngine.DSPGraphModule.dll_86AE02BAA792CB2F.mvfrm
[56/95      0s] MovedFromExtractor Library/Bee/artifacts/mvdfrm/UnityEngine.HotReloadModule.dll_93C51F782DD62E88.mvfrm
[57/95      0s] MovedFromExtractor Library/Bee/artifacts/mvdfrm/UnityEngine.GridModule.dll_0AEF813A3EA25DA8.mvfrm
[58/95      0s] MovedFromExtractor Library/Bee/artifacts/mvdfrm/UnityEngine.GameCenterModule.dll_27B19F8406AF99C9.mvfrm
[59/95      0s] MovedFromExtractor Library/Bee/artifacts/mvdfrm/UnityEngine.dll_AC9E591C96D8F314.mvfrm
[60/95      0s] MovedFromExtractor Library/Bee/artifacts/mvdfrm/UnityEngine.DirectorModule.dll_815CA1513531FA0E.mvfrm
[61/95      0s] MovedFromExtractor Library/Bee/artifacts/mvdfrm/UnityEngine.CrashReportingModule.dll_2167AB5F623793E9.mvfrm
[62/95      0s] MovedFromExtractor Library/Bee/artifacts/mvdfrm/UnityEngine.ContentLoadModule.dll_2FCB646392FD0EE1.mvfrm
[63/95      0s] MovedFromExtractor Library/Bee/artifacts/mvdfrm/UnityEngine.CoreModule.dll_2D7E654C264DC7B1.mvfrm
[64/95      0s] MovedFromExtractor Library/Bee/artifacts/mvdfrm/UnityEngine.ClusterRendererModule.dll_A7845F52AF520F9F.mvfrm
[65/95      0s] MovedFromExtractor Library/Bee/artifacts/mvdfrm/UnityEngine.AssetBundleModule.dll_96B50B22C47A66F4.mvfrm
[66/95      0s] MovedFromExtractor Library/Bee/artifacts/mvdfrm/UnityEngine.ClusterInputModule.dll_16900393722D2102.mvfrm
[67/95      0s] MovedFromExtractor Library/Bee/artifacts/mvdfrm/UnityEngine.AudioModule.dll_AED279F0C2AF4278.mvfrm
[68/95      0s] MovedFromExtractor Library/Bee/artifacts/mvdfrm/UnityEngine.ClothModule.dll_15BAD6EB9CCC215C.mvfrm
[69/95      0s] MovedFromExtractor Library/Bee/artifacts/mvdfrm/UnityEngine.ARModule.dll_CF95D55027CC34E3.mvfrm
[70/95      0s] MovedFromExtractor Library/Bee/artifacts/mvdfrm/UnityEngine.AnimationModule.dll_127C617252A31306.mvfrm
[71/95      0s] MovedFromExtractor Library/Bee/artifacts/mvdfrm/UnityEngine.AndroidJNIModule.dll_FD645569406EA8D8.mvfrm
[72/95      0s] MovedFromExtractor Library/Bee/artifacts/mvdfrm/UnityEngine.AccessibilityModule.dll_B9EE1B5583B84C60.mvfrm
[73/95      0s] MovedFromExtractor Library/Bee/artifacts/mvdfrm/UnityEngine.AIModule.dll_1623104CCAAED61A.mvfrm
[74/95      0s] MovedFromExtractor Library/Bee/artifacts/mvdfrm/UnityEditor.UIElementsSamplesModule.dll_5CD233C98BA73D8B.mvfrm
[75/95      0s] MovedFromExtractor Library/Bee/artifacts/mvdfrm/UnityEditor.UnityConnectModule.dll_96F38E7DC0A54E3C.mvfrm
[76/95      0s] WriteText Library/Bee/artifacts/1900b0aE.dag/Assembly-CSharp-Editor.rsp2
[77/95      0s] WriteText Library/Bee/artifacts/1900b0aE.dag/Assembly-CSharp-Editor.UnityAdditionalFile.txt
[78/95      0s] WriteText Library/Bee/artifacts/1900b0aE.dag/Assembly-CSharp-Editor.dll.mvfrm.rsp
[79/95      0s] WriteText Library/Bee/artifacts/1900b0aE.dag/Assembly-CSharp-Editor.rsp
[80/95      0s] MovedFromExtractor Library/Bee/artifacts/mvdfrm/UnityEditor.UIElementsModule.dll_7F1B6C95F74F3A02.mvfrm
[81/95      0s] MovedFromExtractor Library/Bee/artifacts/mvdfrm/UnityEditor.TextCoreTextEngineModule.dll_486B518617805862.mvfrm
[82/95      0s] MovedFromExtractor Library/Bee/artifacts/mvdfrm/UnityEditor.SceneTemplateModule.dll_8748AFBE834224C3.mvfrm
[83/95      0s] MovedFromExtractor Library/Bee/artifacts/mvdfrm/UnityEditor.UIBuilderModule.dll_987F9265EAFEB794.mvfrm
[84/95      0s] MovedFromExtractor Library/Bee/artifacts/mvdfrm/UnityEditor.TextCoreFontEngineModule.dll_00831B1487FC9F44.mvfrm
[85/95      0s] MovedFromExtractor Library/Bee/artifacts/mvdfrm/UnityEditor.SceneViewModule.dll_82A6C8516D690B6E.mvfrm
[86/95      0s] MovedFromExtractor Library/Bee/artifacts/mvdfrm/UnityEditor.QuickSearchModule.dll_52CBD8316213B202.mvfrm
[87/95      0s] MovedFromExtractor Library/Bee/artifacts/mvdfrm/UnityEditor.PresetsUIModule.dll_FF5D1E2B7A9E9665.mvfrm
[88/95      0s] MovedFromExtractor Library/Bee/artifacts/mvdfrm/UnityEditor.dll_79FA12443865662F.mvfrm
[89/95      0s] MovedFromExtractor Library/Bee/artifacts/mvdfrm/UnityEditor.EditorToolbarModule.dll_63A93F0084557A8B.mvfrm
[90/95      0s] MovedFromExtractor Library/Bee/artifacts/mvdfrm/UnityEditor.GraphViewModule.dll_43F6E54978463E60.mvfrm
[91/95      0s] MovedFromExtractorCombine Library/Bee/artifacts/1900b0aE.dag/Assembly-CSharp-Editor.dll.mvfrm
[92/95      1s] Csc Library/Bee/artifacts/1900b0aE.dag/Assembly-CSharp-Editor.dll (+2 others)
[93/95      0s] CopyFiles Library/ScriptAssemblies/Assembly-CSharp-Editor.dll
[94/95      0s] CopyFiles Library/ScriptAssemblies/Assembly-CSharp-Editor.pdb
*** Tundra build success (3.37 seconds), 94 items updated, 95 evaluated
AssetDatabase: script compilation time: 4.468592s
Begin MonoManager ReloadAssembly
- Loaded All Assemblies, in  0.238 seconds
Refreshing native plugins compatible for Editor in 0.00 ms, found 0 plugins.
Preloading 0 native plugins for Editor in 0.00 ms.
Start importing Assets using Guid(00000000000000001000000000000000) Importer(-1,00000000000000000000000000000000) [PhysX] Initialized MultithreadedTaskDispatcher with 12 workers.
 -> (artifact id: '93ad63751633d8931d579dd8b88b788a') in 0.011839 seconds
Start importing ProjectSettings/InputManager.asset using Guid(00000000000000002000000000000000) Importer(-1,00000000000000000000000000000000) [PhysX] Initialized MultithreadedTaskDispatcher with 12 workers.
 -> (artifact id: 'a3cfdfd5bc6102f343b4829a8ce79dc0') in 0.002462 seconds
Start importing ProjectSettings/TagManager.asset using Guid(00000000000000003000000000000000) Importer(-1,00000000000000000000000000000000) [PhysX] Initialized MultithreadedTaskDispatcher with 12 workers.
 -> (artifact id: '27bc3806c41bdb543a74bc55adc72a8f') in 0.001775 seconds
Start importing ProjectSettings/ProjectSettings.asset using Guid(00000000000000004000000000000000) Importer(-1,00000000000000000000000000000000) [PhysX] Initialized MultithreadedTaskDispatcher with 12 workers.
 -> (artifact id: '045fa4c0a5f83f3506a7a6df505a820f') in 0.003003 seconds
Start importing ProjectSettings/AudioManager.asset using Guid(00000000000000006000000000000000) Importer(-1,00000000000000000000000000000000) [PhysX] Initialized MultithreadedTaskDispatcher with 12 workers.
 -> (artifact id: '292f6cd681078f98ae77be02f37bb3f0') in 0.001522 seconds
Start importing ProjectSettings/TimeManager.asset using Guid(00000000000000007000000000000000) Importer(-1,00000000000000000000000000000000) [PhysX] Initialized MultithreadedTaskDispatcher with 12 workers.
 -> (artifact id: 'c15cae83774660c90452602a6b058633') in 0.001620 seconds
Start importing ProjectSettings/DynamicsManager.asset using Guid(00000000000000008000000000000000) Importer(-1,00000000000000000000000000000000) [PhysX] Initialized MultithreadedTaskDispatcher with 12 workers.
 -> (artifact id: '629e0c014710a9954fe94cf2b97a0f0d') in 0.001567 seconds
Start importing ProjectSettings/QualitySettings.asset using Guid(00000000000000009000000000000000) Importer(-1,00000000000000000000000000000000) [PhysX] Initialized MultithreadedTaskDispatcher with 12 workers.
 -> (artifact id: '501a5b1271de8da946e0d9f62dd70a3d') in 0.001852 seconds
Start importing ProjectSettings/EditorBuildSettings.asset using Guid(0000000000000000b000000000000000) Importer(-1,00000000000000000000000000000000) [PhysX] Initialized MultithreadedTaskDispatcher with 12 workers.
 -> (artifact id: '42a7dea221178c8ff8a7f6c54a05ebc0') in 0.001480 seconds
Start importing ProjectSettings/EditorSettings.asset using Guid(0000000000000000c000000000000000) Importer(-1,00000000000000000000000000000000) [PhysX] Initialized MultithreadedTaskDispatcher with 12 workers.
 -> (artifact id: '833fd8b95bc379c0fa32edbb3836570f') in 0.001571 seconds
Start importing ProjectSettings/NavMeshAreas.asset using Guid(00000000000000004100000000000000) Importer(-1,00000000000000000000000000000000) [PhysX] Initialized MultithreadedTaskDispatcher with 12 workers.
 -> (artifact id: '5fe2fb6b529ee761bb20746a7ab1b241') in 0.001492 seconds
Start importing ProjectSettings/Physics2DSettings.asset using Guid(00000000000000005100000000000000) Importer(-1,00000000000000000000000000000000) [PhysX] Initialized MultithreadedTaskDispatcher with 12 workers.
 -> (artifact id: '38971527cf446bd70982f05c976f6c26') in 0.001432 seconds
Start importing ProjectSettings/GraphicsSettings.asset using Guid(00000000000000006100000000000000) Importer(-1,00000000000000000000000000000000) [PhysX] Initialized MultithreadedTaskDispatcher with 12 workers.
 -> (artifact id: '1a6efcc7357d78aec34b1ea3df512eae') in 0.001715 seconds
Start importing ProjectSettings/ClusterInputManager.asset using Guid(00000000000000007100000000000000) Importer(-1,00000000000000000000000000000000) [PhysX] Initialized MultithreadedTaskDispatcher with 12 workers.
 -> (artifact id: 'eaff7db4dd05d8ff0818f60bff250dfd') in 0.001572 seconds
Start importing ProjectSettings/UnityConnectSettings.asset using Guid(0000000000000000a100000000000000) Importer(-1,00000000000000000000000000000000) [PhysX] Initialized MultithreadedTaskDispatcher with 12 workers.
 -> (artifact id: '7fa144b1a243911758944baf90717efe') in 0.001504 seconds
Start importing ProjectSettings/PresetManager.asset using Guid(0000000000000000b100000000000000) Importer(-1,00000000000000000000000000000000) [PhysX] Initialized MultithreadedTaskDispatcher with 12 workers.
 -> (artifact id: 'f8e82747b2c0e3f6eee0b9346750641f') in 0.001472 seconds
Start importing ProjectSettings/VFXManager.asset using Guid(0000000000000000c100000000000000) Importer(-1,00000000000000000000000000000000) [PhysX] Initialized MultithreadedTaskDispatcher with 12 workers.
 -> (artifact id: '396c4265c10af43b1b16dd72ffe4ebef') in 0.001440 seconds
Start importing ProjectSettings/VersionControlSettings.asset using Guid(0000000000000000d100000000000000) Importer(-1,00000000000000000000000000000000) [PhysX] Initialized MultithreadedTaskDispatcher with 12 workers.
 -> (artifact id: 'f699c8df73f04ae7374a667632b35689') in 0.001415 seconds
Start importing ProjectSettings/MemorySettings.asset using Guid(0000000000000000f100000000000000) Importer(-1,00000000000000000000000000000000) [PhysX] Initialized MultithreadedTaskDispatcher with 12 workers.
 -> (artifact id: '1a756112cecf39e490a601a9eff03275') in 0.001593 seconds
Start importing Packages/com.unity.modules.assetbundle using Guid(b219c86ce508e478367c0a46e1aa9fe4) Importer(-1,00000000000000000000000000000000) [PhysX] Initialized MultithreadedTaskDispatcher with 12 workers.
 -> (artifact id: '81bc1187aed69ff373ff2eba4e66a856') in 0.000461 seconds
Start importing Assets/Editor using Guid(f4ec96f1f870f6c43a9dced9e741fd27) Importer(-1,00000000000000000000000000000000) [PhysX] Initialized MultithreadedTaskDispatcher with 12 workers.
 -> (artifact id: 'fb24885adeb09be532f825b6fa22fa8f') in 0.006724 seconds
Start importing Packages/com.unity.modules.imageconversion using Guid(850c54ee0b9e1aa740b1c67792eb1f26) Importer(-1,00000000000000000000000000000000) [PhysX] Initialized MultithreadedTaskDispatcher with 12 workers.
 -> (artifact id: '4b4518349c1690f615e4983fae26b92c') in 0.000511 seconds
Start importing Packages/com.unity.modules.jsonserialize using Guid(fc3a810351931f5e6183e16b9beb5563) Importer(-1,00000000000000000000000000000000) [PhysX] Initialized MultithreadedTaskDispatcher with 12 workers.
 -> (artifact id: 'd91970cd8c07bdafe4a386e4a343caec') in 0.000386 seconds
Start importing Assets/Editor/BuildK2Visual.cs using Guid(12f92ce469c40fa4784d1904dfa5715c) Importer(-1,00000000000000000000000000000000) [PhysX] Initialized MultithreadedTaskDispatcher with 12 workers.
 -> (artifact id: '6a9be00f9265cba19c86b15c57bb1daa') in 0.007113 seconds
Start importing Packages/com.unity.modules.assetbundle/package.ModuleCompilationTrigger using Guid(222fc39b0c85d800342910da2cd64781) Importer(-1,00000000000000000000000000000000) [PhysX] Initialized MultithreadedTaskDispatcher with 12 workers.
 -> (artifact id: '65d89c73641bdd1854f79cbc51606c2c') in 0.023918 seconds
Start importing Packages/com.unity.modules.imageconversion/package.ModuleCompilationTrigger using Guid(830a36a23cf3ab1e61fa47940a6dc35e) Importer(-1,00000000000000000000000000000000) [PhysX] Initialized MultithreadedTaskDispatcher with 12 workers.
 -> (artifact id: '45ef1d7240373ebfdfbde026e09b19ed') in 0.000614 seconds
Start importing Packages/com.unity.modules.jsonserialize/package.ModuleCompilationTrigger using Guid(e6a135e3ea9cb46795d1b0e05ac3e1e5) Importer(-1,00000000000000000000000000000000) [PhysX] Initialized MultithreadedTaskDispatcher with 12 workers.
 -> (artifact id: '9ea15046aca71692d8a4dc5833bcdd5f') in 0.000479 seconds
Refreshing native plugins compatible for Editor in 0.00 ms, found 0 plugins.
Native extension for WindowsStandalone target not found
Mono: successfully reloaded assembly
- Finished resetting the current domain, in  0.230 seconds
Domain Reload Profiling: 468ms
	BeginReloadAssembly (149ms)
		ExecutionOrderSort (0ms)
		DisableScriptedObjects (5ms)
		BackupInstance (0ms)
		ReleaseScriptingObjects (0ms)
		CreateAndSetChildDomain (26ms)
	RebuildCommonClasses (27ms)
	RebuildNativeTypeToScriptingClass (8ms)
	initialDomainReloadingComplete (16ms)
	LoadAllAssembliesAndSetupDomain (37ms)
		LoadAssemblies (118ms)
		RebuildTransferFunctionScriptingTraits (0ms)
		AnalyzeDomain (4ms)
			TypeCache.Refresh (3ms)
				TypeCache.ScanAssembly (0ms)
			ScanForSourceGeneratedMonoScriptInfo (0ms)
			ResolveRequiredComponents (0ms)
	FinalizeReload (230ms)
		ReleaseScriptCaches (0ms)
		RebuildScriptCaches (0ms)
		SetupLoadedEditorAssemblies (148ms)
			LogAssemblyErrors (0ms)
			InitializePlatformSupportModulesInManaged (4ms)
			SetLoadedEditorAssemblies (5ms)
			RefreshPlugins (0ms)
			BeforeProcessingInitializeOnLoad (6ms)
			ProcessInitializeOnLoadAttributes (116ms)
			ProcessInitializeOnLoadMethodAttributes (15ms)
			AfterProcessingInitializeOnLoad (2ms)
			EditorAssembliesLoaded (0ms)
		ExecutionOrderSort2 (0ms)
		AwakeInstancesAfterBackupRestoration (8ms)
Start importing Library/BuildPlayer.prefs using Guid(00000000000000005000000000000000) Importer(-1,00000000000000000000000000000000) [PhysX] Initialized MultithreadedTaskDispatcher with 12 workers.
 -> (artifact id: '1d2399cfa7f39703e94ecc115c6bf35d') in 0.016090 seconds
Start importing Packages/com.unity.modules.jsonserialize/package.json using Guid(40bf3cec17fa0b49fe04443c8332d638) Importer(-1,00000000000000000000000000000000) [PhysX] Initialized MultithreadedTaskDispatcher with 12 workers.
 -> (artifact id: 'ab333ab49385357bea0efe2c83a7975b') in 0.002381 seconds
Start importing Packages/com.unity.modules.assetbundle/package.json using Guid(e1ef8466c8fd01a549f10baa4d51fa17) Importer(-1,00000000000000000000000000000000) [PhysX] Initialized MultithreadedTaskDispatcher with 12 workers.
 -> (artifact id: 'b06ad4b00e52552e4a9df9a05b5f7c54') in 0.001935 seconds
Start importing Packages/com.unity.modules.imageconversion/package.json using Guid(953fab16d15d5885b3600fcd6388b2ad) Importer(-1,00000000000000000000000000000000) [PhysX] Initialized MultithreadedTaskDispatcher with 12 workers.
 -> (artifact id: '94fcdeb315d8abe1697b4cf7d1eb678c') in 0.002341 seconds
Loading style catalogs (6)
	StyleSheets/Extensions/base/common.uss
	UIPackageResources/StyleSheets/Default/Variables/Public/common.uss
	StyleSheets/Northstar/common.uss
	StyleSheets/Extensions/fonts/inter.uss
	StyleSheets/Extensions/base/dark.uss
	UIPackageResources/StyleSheets/Default/Northstar/Palette/dark.uss
Refreshing native plugins compatible for Editor in 0.00 ms, found 0 plugins.
Preloading 0 native plugins for Editor in 0.00 ms.
Asset Pipeline Refresh (id=024981aa427038d4586d33002a6f2976): Total: 6.122 seconds - Initiated by InitialRefreshV2(ForceSynchronousImport)
	Summary:
		Imports: total=31 (actual=31, local cache=0, cache server=0)
		Asset DB Process Time: managed=3 ms, native=206 ms
		Asset DB Callback time: managed=112 ms, native=854 ms
		Scripting: domain reloads=1, domain reload time=473 ms, compile time=4469 ms, other=2 ms
		Project Asset Count: scripts=27, non-scripts=4
		Asset File Changes: new=31, changed=31, moved=0, deleted=0
		Scan Filter Count: 0
	InvokeBeforeRefreshCallbacks: 0.531ms
	ApplyChangesToAssetFolders: 0.022ms
	Scan: 10.212ms
	OnSourceAssetsModified: 2.370ms
	GetAllGuidsForCategorization: 0.011ms
	CategorizeAssets: 0.270ms
	ImportOutOfDateAssets: 350.633ms (-4235.522ms without children)
		ImportManagerImport: 117.301ms (9.241ms without children)
			ImportInProcess: 108.002ms
			UpdateCategorizedAssets: 0.057ms
		CompileScripts: 4468.691ms
		ReloadNativeAssets: 0.001ms
		UnloadImportedAssets: 0.043ms
		ReloadImportedAssets: 0.004ms
		EnsureUptoDateAssetsAreRegisteredWithGuidPM: 0.007ms
		InitializingProgressBar: 0.015ms
		PostProcessAllAssetNotificationsAddChangedAssets: 0.001ms
		OnDemandSchedulerStart: 0.093ms
	PostProcessAllAssets: 965.559ms
	Hotreload: 0.882ms
	GatherAllCurrentPrimaryArtifactRevisions: 0.009ms
	UnloadStreamsBegin: 0.085ms
	PersistCurrentRevisions: 0.043ms
	UnloadStreamsEnd: 0.003ms
	GenerateScriptTypeHashes: 0.001ms
	Untracked: 4791.763ms
Application.AssetDatabase Initial Refresh End
Scanning for USB devices : 11.102ms
Initializing Unity extensions:
[Licensing::Client] Successfully resolved entitlement details
[MODES] ModeService[none].Initialize
[MODES] ModeService[none].LoadModes
[MODES] Loading mode Default (0) for mode-current-id-Unity
[PhysX] Initialized MultithreadedTaskDispatcher with 12 workers.
ProgressiveSceneManager::Cancel()
Unloading 3 Unused Serialized files (Serialized files now loaded: 0)
Unloading 14 unused Assets / (469.5 KB). Loaded Objects now: 527.
Memory consumption went from 76.2 MB to 75.8 MB.
Total: 2.552300 ms (FindLiveObjects: 0.038200 ms CreateObjectMapping: 0.002900 ms MarkObjects: 2.289800 ms  DeleteObjects: 0.220700 ms)

Start importing Assets/Generated using Guid(403d25f17cfe1174db3eb450b3edef91) Importer(-1,00000000000000000000000000000000) [PhysX] Initialized MultithreadedTaskDispatcher with 12 workers.
 -> (artifact id: '1498df628db95f0fade3339452c8168d') in 0.006298 seconds
Start importing Assets/Textures using Guid(f6856ac585d221e4b95545f611a132ca) Importer(-1,00000000000000000000000000000000) [PhysX] Initialized MultithreadedTaskDispatcher with 12 workers.
 -> (artifact id: '621d34f26efefe170c52a3a44b2a3535') in 0.006417 seconds
Start importing Assets/Textures/02_-_Default_baseColor.png using Guid(c11c1ad2fc706914fbc09a3e4c368bcb) Importer(-1,00000000000000000000000000000000) [PhysX] Initialized MultithreadedTaskDispatcher with 12 workers.
 -> (artifact id: 'c6b7f666b888dd9a234689e2d66e1f9f') in 0.110433 seconds
Start importing Assets/Textures/02_-_Default_normal.png using Guid(0439180065a365c45a51498fa3d538da) Importer(-1,00000000000000000000000000000000) [PhysX] Initialized MultithreadedTaskDispatcher with 12 workers.
 -> (artifact id: '26bfbfeffa4c92cc66d2e28bb1c06ad7') in 0.118436 seconds
Start importing Assets/Textures/02_-_Default_metallicRoughness.png using Guid(848b6bb7acb9c8f43affb7f4e5dd65bd) Importer(-1,00000000000000000000000000000000) [PhysX] Initialized MultithreadedTaskDispatcher with 12 workers.
 -> (artifact id: 'f41c66bc5dbedeec4597d21faaef487e') in 0.113404 seconds
Start importing Assets/Textures/09_-_Default_metallicRoughness.png using Guid(38c4e2b34df8df34aac2228f9c1945a3) Importer(-1,00000000000000000000000000000000) [PhysX] Initialized MultithreadedTaskDispatcher with 12 workers.
 -> (artifact id: '1766dc722fa0e1b65c9b0957e0a03ffd') in 0.116205 seconds
Start importing Assets/Textures/09_-_Default_baseColor.png using Guid(bb92ecccac974a94aa09ceb2e3780582) Importer(-1,00000000000000000000000000000000) [PhysX] Initialized MultithreadedTaskDispatcher with 12 workers.
 -> (artifact id: 'dab31dcebc3ebc9040373f633da8fad4') in 0.283216 seconds
Start importing Assets/Textures/09_-_Default_emissive.png using Guid(7d1da3e1998171a4199c50dc87e4f279) Importer(-1,00000000000000000000000000000000) [PhysX] Initialized MultithreadedTaskDispatcher with 12 workers.
 -> (artifact id: 'ec83d74e007e8d90b10fe59bc84c76a6') in 0.093525 seconds
Start importing Assets/Textures/02_-_Default_emissive.png using Guid(1e753299f026e0942bfe211195cd0943) Importer(-1,00000000000000000000000000000000) [PhysX] Initialized MultithreadedTaskDispatcher with 12 workers.
 -> (artifact id: 'abf061e0e2bf397e2de9eaba385f6cad') in 0.064921 seconds
Start importing Assets/Textures/09_-_Default_normal.png using Guid(6ed65e17baf1ce64e89d24aa3ff5c1b0) Importer(-1,00000000000000000000000000000000) [PhysX] Initialized MultithreadedTaskDispatcher with 12 workers.
 -> (artifact id: 'e38bf76c1e1662614f4c081b0a9b29ac') in 0.123435 seconds
Refreshing native plugins compatible for Editor in 0.00 ms, found 0 plugins.
Preloading 0 native plugins for Editor in 0.00 ms.
Asset Pipeline Refresh (id=13279035ef9f5f048ac224cba0a4d568): Total: 1.096 seconds - Initiated by RefreshV2(NoUpdateAssetOptions)
	Summary:
		Imports: total=10 (actual=10, local cache=0, cache server=0)
		Asset DB Process Time: managed=2 ms, native=1091 ms
		Asset DB Callback time: managed=2 ms, native=0 ms
		Scripting: domain reloads=0, domain reload time=0 ms, compile time=0 ms, other=0 ms
		Project Asset Count: scripts=29, non-scripts=12
		Asset File Changes: new=10, changed=10, moved=0, deleted=0
		Scan Filter Count: 0
	InvokeBeforeRefreshCallbacks: 0.001ms
	ApplyChangesToAssetFolders: 0.009ms
	Scan: 25.986ms
	OnSourceAssetsModified: 0.061ms
	GetAllGuidsForCategorization: 0.006ms
	CategorizeAssets: 0.076ms
	ImportOutOfDateAssets: 1038.766ms (0.089ms without children)
		ImportManagerImport: 1038.583ms (0.396ms without children)
			ImportInProcess: 1038.148ms
			UpdateCategorizedAssets: 0.039ms
		ReloadNativeAssets: 0.000ms
		UnloadImportedAssets: 0.039ms
		ReloadImportedAssets: 0.002ms
		EnsureUptoDateAssetsAreRegisteredWithGuidPM: 0.004ms
		InitializingProgressBar: 0.004ms
		PostProcessAllAssetNotificationsAddChangedAssets: 0.001ms
		OnDemandSchedulerStart: 0.043ms
	PostProcessAllAssets: 2.073ms
	Hotreload: 0.391ms
	GatherAllCurrentPrimaryArtifactRevisions: 0.008ms
	UnloadStreamsBegin: 0.004ms
	PersistCurrentRevisions: 0.034ms
	UnloadStreamsEnd: 0.001ms
	Untracked: 29.071ms
Start importing Assets/Generated/02_-_Default.asset using Guid(d5437486b9cdea441b9b74d2be211d4a) Importer(-1,00000000000000000000000000000000) [PhysX] Initialized MultithreadedTaskDispatcher with 12 workers.
 -> (artifact id: '513526e3da038e88061f23fff57a2326') in 0.008974 seconds
Refreshing native plugins compatible for Editor in 0.00 ms, found 0 plugins.
Preloading 0 native plugins for Editor in 0.00 ms.
Asset Pipeline Refresh (id=cc5caa2d826dfe94eae6eaa01c2dd4e3): Total: 0.017 seconds - Initiated by StopAssetImportingV2(NoUpdateAssetOptions)
Launched and connected shader compiler UnityShaderCompiler.exe after 0.04 seconds
Start importing Assets/Textures/02_-_Default_normal.png using Guid(0439180065a365c45a51498fa3d538da) Importer(-1,00000000000000000000000000000000) [PhysX] Initialized MultithreadedTaskDispatcher with 12 workers.
 -> (artifact id: '1e9173ed0da1b971a732ba1a17564bf9') in 0.095261 seconds
Refreshing native plugins compatible for Editor in 0.00 ms, found 0 plugins.
Preloading 0 native plugins for Editor in 0.00 ms.
Asset Pipeline Refresh (id=ef1ed64b4945ad74aa3de2f3282754b6): Total: 0.110 seconds - Initiated by StopAssetImportingV2(NoUpdateAssetOptions)
Start importing Assets/Generated/02_-_Default_metallic.png using Guid(c376d502c9f5e8d45a822ee80ed788d6) Importer(-1,00000000000000000000000000000000) [PhysX] Initialized MultithreadedTaskDispatcher with 12 workers.
 -> (artifact id: 'f7dca7d4026eb225de58e72bc3e853b2') in 0.115605 seconds
Refreshing native plugins compatible for Editor in 0.00 ms, found 0 plugins.
Preloading 0 native plugins for Editor in 0.00 ms.
Asset Pipeline Refresh (id=b0805f5961060624ba7aafba2515097a): Total: 0.118 seconds - Initiated by StopAssetImportingV2(NoUpdateAssetOptions)
Start importing Assets/Generated/02_-_Default_metallic.png using Guid(c376d502c9f5e8d45a822ee80ed788d6) Importer(-1,00000000000000000000000000000000) [PhysX] Initialized MultithreadedTaskDispatcher with 12 workers.
 -> (artifact id: '054dab74e56d19560d03cbc655e899ee') in 0.092808 seconds
Refreshing native plugins compatible for Editor in 0.00 ms, found 0 plugins.
Preloading 0 native plugins for Editor in 0.00 ms.
Asset Pipeline Refresh (id=1ce29d7402e38db48a68b892ea2103f5): Total: 0.106 seconds - Initiated by StopAssetImportingV2(NoUpdateAssetOptions)
Start importing Assets/Generated/02_-_Default.mat using Guid(53af869a656652b43b22c747837828df) Importer(-1,00000000000000000000000000000000) [PhysX] Initialized MultithreadedTaskDispatcher with 12 workers.
 -> (artifact id: '3251aac4e5f9c46b841cf2ddfc46e10d') in 0.002365 seconds
Refreshing native plugins compatible for Editor in 0.00 ms, found 0 plugins.
Preloading 0 native plugins for Editor in 0.00 ms.
Asset Pipeline Refresh (id=b2385490d72698f47891461329751810): Total: 0.013 seconds - Initiated by StopAssetImportingV2(NoUpdateAssetOptions)
Start importing Assets/Generated/09_-_Default.asset using Guid(df8c1bc563ebda941b6d1906b47b68c3) Importer(-1,00000000000000000000000000000000) [PhysX] Initialized MultithreadedTaskDispatcher with 12 workers.
 -> (artifact id: 'b1ca20437d8f05393446c63889b36e72') in 0.004327 seconds
Refreshing native plugins compatible for Editor in 0.00 ms, found 0 plugins.
Preloading 0 native plugins for Editor in 0.00 ms.
Asset Pipeline Refresh (id=04f930a05928c3e468e7f485c0ec56ef): Total: 0.011 seconds - Initiated by StopAssetImportingV2(NoUpdateAssetOptions)
Start importing Assets/Textures/09_-_Default_normal.png using Guid(6ed65e17baf1ce64e89d24aa3ff5c1b0) Importer(-1,00000000000000000000000000000000) [PhysX] Initialized MultithreadedTaskDispatcher with 12 workers.
 -> (artifact id: '5701dec09c37f01b2b6df5be8085eb7b') in 0.103958 seconds
Refreshing native plugins compatible for Editor in 0.00 ms, found 0 plugins.
Preloading 0 native plugins for Editor in 0.00 ms.
Asset Pipeline Refresh (id=504a9f5b8ae9fb74cb3a15a2c930975e): Total: 0.117 seconds - Initiated by StopAssetImportingV2(NoUpdateAssetOptions)
Start importing Assets/Generated/09_-_Default_metallic.png using Guid(05c9714e01c5a7c45a26ca4230e7fb3f) Importer(-1,00000000000000000000000000000000) [PhysX] Initialized MultithreadedTaskDispatcher with 12 workers.
 -> (artifact id: '8b381aa163436b5bf0876771992cd314') in 0.112006 seconds
Refreshing native plugins compatible for Editor in 0.00 ms, found 0 plugins.
Preloading 0 native plugins for Editor in 0.00 ms.
Asset Pipeline Refresh (id=e41e2a000e2c18747a12d098187404c8): Total: 0.115 seconds - Initiated by StopAssetImportingV2(NoUpdateAssetOptions)
Start importing Assets/Generated/09_-_Default_metallic.png using Guid(05c9714e01c5a7c45a26ca4230e7fb3f) Importer(-1,00000000000000000000000000000000) [PhysX] Initialized MultithreadedTaskDispatcher with 12 workers.
 -> (artifact id: 'ca67b9feebe6666760bb9219d922f0b9') in 0.093998 seconds
Refreshing native plugins compatible for Editor in 0.00 ms, found 0 plugins.
Preloading 0 native plugins for Editor in 0.00 ms.
Asset Pipeline Refresh (id=65d2e97ca9e0d2a47bf971d8056d02f1): Total: 0.108 seconds - Initiated by StopAssetImportingV2(NoUpdateAssetOptions)
Start importing Assets/Generated/09_-_Default.mat using Guid(f9209c4aa681831438c97ff26ceef7ed) Importer(-1,00000000000000000000000000000000) [PhysX] Initialized MultithreadedTaskDispatcher with 12 workers.
 -> (artifact id: 'ee0c183b9d9f153c39df87a896a054fc') in 0.001616 seconds
Refreshing native plugins compatible for Editor in 0.00 ms, found 0 plugins.
Preloading 0 native plugins for Editor in 0.00 ms.
Asset Pipeline Refresh (id=1facd6639b28fff47929621bc6f50610): Total: 0.008 seconds - Initiated by StopAssetImportingV2(NoUpdateAssetOptions)
Start importing Assets/Generated/k2c3_visual.prefab using Guid(5b597bfb3e5e6e94e95751b63f9ae18a) Importer(-1,00000000000000000000000000000000) [PhysX] Initialized MultithreadedTaskDispatcher with 12 workers.
[PhysX] Initialized MultithreadedTaskDispatcher with 12 workers.
 -> (artifact id: '7d9ee03db8171aac4acab3993bd5f4f2') in 0.011589 seconds
Refreshing native plugins compatible for Editor in 0.00 ms, found 0 plugins.
Preloading 0 native plugins for Editor in 0.00 ms.
Asset Pipeline Refresh (id=3cd4b1805857b9c439ea4d592b4aa10f): Total: 0.020 seconds - Initiated by StopAssetImportingV2(NoUpdateAssetOptions)
Asset Pipeline Refresh (id=cb53713ba2f6c324da8ca23bb77a5169): Total: 0.008 seconds - Initiated by RefreshV2(NoUpdateAssetOptions)
Starting: D:\SPT Dev\02_Resources\Toolchain\Unity2022.3.43f1\Editor\Data\bee_backend.exe --dont-print-to-structured-log --ipc --defer-dag-verification --dagfile="Library/Bee/1900b0aESkipCompile.dag" --continue-on-failure --profile="Library/Bee/backend1.traceevents" ScriptAssembliesAndTypeDB
WorkingDir: D:/SPT Dev/K2-Project/Unity
ExitCode: 4 Duration: 0s38ms
[             ] Require frontend run.  Library/Bee/1900b0aESkipCompile.dag couldn't be loaded
Starting: D:\SPT Dev\02_Resources\Toolchain\Unity2022.3.43f1\Editor\Data\Tools\netcorerun\netcorerun.exe "D:\SPT Dev\02_Resources\Toolchain\Unity2022.3.43f1\Editor\Data\Tools\BuildPipeline\ScriptCompilationBuildProgram.exe" "Library/Bee/1900b0aESkipCompile.dag.json" "Library/Bee/1900b0aESkipCompile-inputdata.json" "Library\Bee\buildprogram0.traceevents"
WorkingDir: D:/SPT Dev/K2-Project/Unity
ExitCode: 0 Duration: 0s156ms
Starting: D:\SPT Dev\02_Resources\Toolchain\Unity2022.3.43f1\Editor\Data\bee_backend.exe --dont-print-to-structured-log --ipc --defer-dag-verification --dagfile="Library/Bee/1900b0aESkipCompile.dag" --continue-on-failure --dagfilejson="Library\Bee\1900b0aESkipCompile.dag.json" --profile="Library/Bee/backend2.traceevents" ScriptAssembliesAndTypeDB
WorkingDir: D:/SPT Dev/K2-Project/Unity
ExitCode: 0 Duration: 0s41ms
Finished compiling graph: 3 nodes, 3 flattened edges (3 ToBuild, 0 ToUse), maximum node priority 3
*** Tundra build success (0.02 seconds), 0 items updated, 2 evaluated
Asset Pipeline Refresh (id=3c725984d5f372242a7af1b743e6cac7): Total: 0.002 seconds - Initiated by RefreshV2(NoUpdateAssetOptions)
[ScriptCompilation] Requested script compilation because: Recompiling scripts for player build.
BuildPlayer: start building target 19
Starting: D:\SPT Dev\02_Resources\Toolchain\Unity2022.3.43f1\Editor\Data\bee_backend.exe --dont-print-to-structured-log --ipc --defer-dag-verification --dagfile="Library/Bee/1900b0aP.dag" --continue-on-failure --profile="Library/Bee/backend1.traceevents" ScriptAssembliesAndTypeDB
WorkingDir: D:/SPT Dev/K2-Project/Unity
Starting: D:\SPT Dev\02_Resources\Toolchain\Unity2022.3.43f1\Editor\Data\Tools\netcorerun\netcorerun.exe "D:\SPT Dev\02_Resources\Toolchain\Unity2022.3.43f1\Editor\Data\Tools\BuildPipeline\ScriptCompilationBuildProgram.exe" "Library/Bee/1900b0aP.dag.json" "Library/Bee/1900b0aP-inputdata.json" "Library\Bee\buildprogram0.traceevents"
WorkingDir: D:/SPT Dev/K2-Project/Unity
ExitCode: 4 Duration: 0s23ms
[             ] Require frontend run.  Library/Bee/1900b0aP.dag couldn't be loaded
ExitCode: 0 Duration: 0s155ms
Starting: D:\SPT Dev\02_Resources\Toolchain\Unity2022.3.43f1\Editor\Data\bee_backend.exe --dont-print-to-structured-log --ipc --defer-dag-verification --dagfile="Library/Bee/1900b0aP.dag" --continue-on-failure --dagfilejson="Library\Bee\1900b0aP.dag.json" --profile="Library/Bee/backend2.traceevents" ScriptAssembliesAndTypeDB
WorkingDir: D:/SPT Dev/K2-Project/Unity
ExitCode: 0 Duration: 0s37ms
Finished compiling graph: 3 nodes, 3 flattened edges (3 ToBuild, 0 ToUse), maximum node priority 3
*** Tundra build success (0.02 seconds), 0 items updated, 2 evaluated
Compiling shader "Standard" pass "FORWARD" (vp)
    Full variant space:         1328
    After settings filtering:   1328
    After built-in stripping:   16
    After scriptable stripping: 16
    Processed in 0.00 seconds
    starting compilation...
Launched and connected shader compiler UnityShaderCompiler.exe after 0.04 seconds
Launched and connected shader compiler UnityShaderCompiler.exe after 0.04 seconds
Launched and connected shader compiler UnityShaderCompiler.exe after 0.04 seconds
Launched and connected shader compiler UnityShaderCompiler.exe after 0.04 seconds
Launched and connected shader compiler UnityShaderCompiler.exe after 0.04 seconds
Launched and connected shader compiler UnityShaderCompiler.exe after 0.04 seconds
Launched and connected shader compiler UnityShaderCompiler.exe after 0.04 seconds
Launched and connected shader compiler UnityShaderCompiler.exe after 0.04 seconds
Launched and connected shader compiler UnityShaderCompiler.exe after 0.04 seconds
Launched and connected shader compiler UnityShaderCompiler.exe after 0.04 seconds
Launched and connected shader compiler UnityShaderCompiler.exe after 0.04 seconds
    finished in 0.58 seconds. Local cache hits 0 (0.00s CPU time), remote cache hits 0 (0.00s CPU time), compiled 16 variants (3.88s CPU time), skipped 0 variants
    Prepared data for serialisation in 0.00s
Compiling shader "Standard" pass "FORWARD" (fp)
    Full variant space:         1008
    After settings filtering:   1008
    After built-in stripping:   8
    After scriptable stripping: 8
    Processed in 0.00 seconds
    starting compilation...
    finished in 0.11 seconds. Local cache hits 0 (0.00s CPU time), remote cache hits 0 (0.00s CPU time), compiled 8 variants (0.83s CPU time), skipped 0 variants
    Prepared data for serialisation in 0.00s
Compiling shader "Standard" pass "FORWARD_DELTA" (vp)
    Full variant space:         376
    After settings filtering:   376
    After built-in stripping:   26
    After scriptable stripping: 26
    Processed in 0.00 seconds
    starting compilation...
    finished in 0.14 seconds. Local cache hits 0 (0.00s CPU time), remote cache hits 0 (0.00s CPU time), compiled 26 variants (1.50s CPU time), skipped 0 variants
    Prepared data for serialisation in 0.00s
Compiling shader "Standard" pass "FORWARD_DELTA" (fp)
    Full variant space:         376
    After settings filtering:   376
    After built-in stripping:   26
    After scriptable stripping: 26
    Processed in 0.00 seconds
    starting compilation...
    finished in 0.30 seconds. Local cache hits 0 (0.00s CPU time), remote cache hits 0 (0.00s CPU time), compiled 26 variants (3.19s CPU time), skipped 0 variants
    Prepared data for serialisation in 0.00s
Compiling shader "Standard" pass "ShadowCaster" (vp)
    Full variant space:         8
    After settings filtering:   8
    After built-in stripping:   4
    After scriptable stripping: 4
    Processed in 0.00 seconds
    starting compilation...
    finished in 0.02 seconds. Local cache hits 1 (0.00s CPU time), remote cache hits 0 (0.00s CPU time), compiled 3 variants (0.05s CPU time), skipped 0 variants
    Prepared data for serialisation in 0.00s
Compiling shader "Standard" pass "ShadowCaster" (fp)
    Full variant space:         8
    After settings filtering:   8
    After built-in stripping:   4
    After scriptable stripping: 4
    Processed in 0.00 seconds
    starting compilation...
    finished in 0.02 seconds. Local cache hits 1 (0.00s CPU time), remote cache hits 0 (0.00s CPU time), compiled 3 variants (0.05s CPU time), skipped 0 variants
    Prepared data for serialisation in 0.00s
Compiling shader "Standard" pass "DEFERRED" (vp)
    Full variant space:         152
    After settings filtering:   152
    After built-in stripping:   8
    After scriptable stripping: 8
    Processed in 0.00 seconds
    starting compilation...
    finished in 0.04 seconds. Local cache hits 0 (0.00s CPU time), remote cache hits 0 (0.00s CPU time), compiled 8 variants (0.30s CPU time), skipped 0 variants
    Prepared data for serialisation in 0.00s
Compiling shader "Standard" pass "DEFERRED" (fp)
    Full variant space:         152
    After settings filtering:   152
    After built-in stripping:   8
    After scriptable stripping: 8
    Processed in 0.00 seconds
    starting compilation...
    finished in 0.05 seconds. Local cache hits 0 (0.00s CPU time), remote cache hits 0 (0.00s CPU time), compiled 8 variants (0.34s CPU time), skipped 0 variants
    Prepared data for serialisation in 0.00s
Compiling shader "Standard" pass "FORWARD" (vp)
    Full variant space:         416
    After settings filtering:   416
    After built-in stripping:   16
    After scriptable stripping: 16
    Processed in 0.00 seconds
    starting compilation...
    finished in 0.09 seconds. Local cache hits 0 (0.00s CPU time), remote cache hits 0 (0.00s CPU time), compiled 16 variants (0.85s CPU time), skipped 0 variants
    Prepared data for serialisation in 0.00s
Compiling shader "Standard" pass "FORWARD" (fp)
    Full variant space:         296
    After settings filtering:   296
    After built-in stripping:   8
    After scriptable stripping: 8
    Processed in 0.00 seconds
    starting compilation...
    finished in 0.11 seconds. Local cache hits 0 (0.00s CPU time), remote cache hits 0 (0.00s CPU time), compiled 8 variants (0.64s CPU time), skipped 0 variants
    Prepared data for serialisation in 0.00s
Compiling shader "Standard" pass "FORWARD_DELTA" (vp)
    Full variant space:         280
    After settings filtering:   280
    After built-in stripping:   20
    After scriptable stripping: 20
    Processed in 0.00 seconds
    starting compilation...
    finished in 0.11 seconds. Local cache hits 0 (0.00s CPU time), remote cache hits 0 (0.00s CPU time), compiled 20 variants (1.09s CPU time), skipped 0 variants
    Prepared data for serialisation in 0.00s
Compiling shader "Standard" pass "FORWARD_DELTA" (fp)
    Full variant space:         280
    After settings filtering:   280
    After built-in stripping:   20
    After scriptable stripping: 20
    Processed in 0.00 seconds
    starting compilation...
    finished in 0.14 seconds. Local cache hits 0 (0.00s CPU time), remote cache hits 0 (0.00s CPU time), compiled 20 variants (1.39s CPU time), skipped 0 variants
    Prepared data for serialisation in 0.00s
Compiling shader "Standard" pass "ShadowCaster" (vp)
    Full variant space:         4
    After settings filtering:   4
    After built-in stripping:   4
    After scriptable stripping: 4
    Processed in 0.00 seconds
    starting compilation...
    finished in 0.02 seconds. Local cache hits 0 (0.00s CPU time), remote cache hits 0 (0.00s CPU time), compiled 4 variants (0.07s CPU time), skipped 0 variants
    Prepared data for serialisation in 0.00s
Compiling shader "Standard" pass "ShadowCaster" (fp)
    Full variant space:         4
    After settings filtering:   4
    After built-in stripping:   4
    After scriptable stripping: 4
    Processed in 0.00 seconds
    starting compilation...
    finished in 0.01 seconds. Local cache hits 0 (0.00s CPU time), remote cache hits 0 (0.00s CPU time), compiled 4 variants (0.04s CPU time), skipped 0 variants
    Prepared data for serialisation in 0.00s
Serialized binary data for shader Standard in 0.00s
    d3d11 (total internal programs: 172, unique: 144)

***Player size statistics***
Total compressed size 12.3 MB. Total uncompressed size 28.7 MB.
Unloading 2 Unused Serialized files (Serialized files now loaded: 0)
Unloading 52 unused Assets / (1.0 MB). Loaded Objects now: 535.
Memory consumption went from 105.3 MB to 104.3 MB.
Total: 2.789700 ms (FindLiveObjects: 0.043300 ms CreateObjectMapping: 0.003600 ms MarkObjects: 2.330800 ms  DeleteObjects: 0.411600 ms)


***Player size statistics***
Total compressed size 1.5 KB. Total uncompressed size 4.1 KB.
Unloading 0 Unused Serialized files (Serialized files now loaded: 0)
Unloading 0 unused Assets / (0 B). Loaded Objects now: 537.
Memory consumption went from 104.0 MB to 104.0 MB.
Total: 2.749600 ms (FindLiveObjects: 0.043000 ms CreateObjectMapping: 0.003200 ms MarkObjects: 2.698600 ms  DeleteObjects: 0.004000 ms)


-------------------------------------------------------------------------------
Bundle Name: k2c3_visual.bundle
Compressed Size:12.3 mb
Uncompressed usage by category (Percentages based on user generated assets only):
Textures               26.7 mb	 93.1% 
Meshes                 1.8 mb	 6.4% 
Animations             0.0 kb	 0.0% 
Sounds                 0.0 kb	 0.0% 
Shaders                66.7 kb	 0.2% 
Other Assets           3.0 kb	 0.0% 
Levels                 0.0 kb	 0.0% 
Scripts                0.0 kb	 0.0% 
Included DLLs          0.0 kb	 0.0% 
File headers           96.3 kb	 0.3% 
Total User Assets      28.7 mb	 100.0% 
Complete build size    28.7 mb
Used Assets and files from the Resources folder, sorted by uncompressed size:
 5.3 mb	 18.6% Assets/Generated/09_-_Default_metallic.png
 5.3 mb	 18.6% Assets/Generated/02_-_Default_metallic.png
 5.3 mb	 18.6% Assets/Textures/09_-_Default_normal.png
 5.3 mb	 18.6% Assets/Textures/02_-_Default_normal.png
 2.7 mb	 9.3% Assets/Textures/09_-_Default_baseColor.png
 2.7 mb	 9.3% Assets/Textures/02_-_Default_baseColor.png
 1.2 mb	 4.3% Assets/Generated/02_-_Default.asset
 598.5 kb	 2.0% Assets/Generated/09_-_Default.asset
 66.7 kb	 0.2% Resources/unity_builtin_extra
 0.9 kb	 0.0% Assets/Generated/09_-_Default.mat
 0.9 kb	 0.0% Assets/Generated/02_-_Default.mat
 0.7 kb	 0.0% Assets/Generated/k2c3_visual.prefab
 0.4 kb	 0.0% AssetBundle Object
-------------------------------------------------------------------------------
-------------------------------------------------------------------------------
Bundle Name: VisualBundle
Compressed Size:1.5 kb
Uncompressed usage by category (Percentages based on user generated assets only):
Textures               0.0 kb	 0.0% 
Meshes                 0.0 kb	 0.0% 
Animations             0.0 kb	 0.0% 
Sounds                 0.0 kb	 0.0% 
Shaders                0.0 kb	 0.0% 
Other Assets           0.2 kb	 4.5% 
Levels                 0.0 kb	 0.0% 
Scripts                0.0 kb	 0.0% 
Included DLLs          0.0 kb	 0.0% 
File headers           3.9 kb	 95.5% 
Total User Assets      4.1 kb	 100.0% 
Complete build size    4.1 kb
Used Assets and files from the Resources folder, sorted by uncompressed size:
 0.1 kb	 2.5% AssetBundle Object
 0.1 kb	 2.1% Built-in AssetBundleManifest: AssetBundleManifest
-------------------------------------------------------------------------------
K2_VISUAL_BUILD_OK triangles=12732 output=D:\SPT Dev\K2-Project\Artifacts/VisualBundle
UnityEngine.StackTraceUtility:ExtractStackTrace ()
UnityEngine.DebugLogHandler:LogFormat (UnityEngine.LogType,UnityEngine.Object,string,object[])
UnityEngine.Logger:Log (UnityEngine.LogType,object)
UnityEngine.Debug:Log (object)
BuildK2Visual:Build () (at Assets/Editor/BuildK2Visual.cs:82)

(Filename: Assets/Editor/BuildK2Visual.cs Line: 82)

Batchmode quit successfully invoked - shutting down!
[PhysX] Initialized MultithreadedTaskDispatcher with 12 workers.
[Licensing::IpcConnector] License Notification channel disconnected successfully.
[Licensing::IpcConnector] License Client channel disconnected successfully.
Cleanup mono
[Performance] WinEditorMain                                                                                                  :        1 samples, Peak.   706 ms (1.0x), Avg.   706 ms, Total. 706.4 ms (3.7%)
[Performance] WinEditorMain.ConfigureCrashHandler                                                                            :        1 samples, Peak.  24.7 us (1.0x), Avg.  24.7 us, Total. 24.70 us (0.0%)
[Performance] WinEditorMain.CurlRequestInitialize                                                                            :        1 samples, Peak.  1.09 ms (1.0x), Avg.  1.09 ms, Total. 1.087 ms (0.0%)
[Performance] WinEditorMain.SetupLogFile                                                                                     :        1 samples, Peak.   334 us (1.0x), Avg.   334 us, Total. 333.5 us (0.0%)
[Performance] WinEditorMain.RunNativeTestsIfRequiredAndExit                                                                  :        1 samples, Peak. 100.0 ns (1.0x), Avg. 100.0 ns, Total. 100.00 ns (0.0%)
[Performance] WinEditorMain.Licensing                                                                                        :        1 samples, Peak.   687 ms (1.0x), Avg.   687 ms, Total. 686.7 ms (3.6%)
[Performance] WinEditorMain.InitializeCrashHandler                                                                           :        1 samples, Peak.  15.3 ms (1.0x), Avg.  15.3 ms, Total. 15.34 ms (0.1%)
[Performance] WinEditorMain.CreateApplication                                                                                :        1 samples, Peak.   133 us (1.0x), Avg.   133 us, Total. 133.2 us (0.0%)
[Performance] Application.InitializeProject                                                                                  :        1 samples, Peak.  10.1 s (1.0x), Avg.  10.1 s, Total. 10.08 s (52.5%)
[Performance] Application.PackageManager.StartServer                                                                         :        1 samples, Peak.   681 ms (1.0x), Avg.   681 ms, Total. 681.0 ms (3.5%)
[Performance] Application.AcquireProjectLock                                                                                 :        1 samples, Peak.  2.76 ms (1.0x), Avg.  2.76 ms, Total. 2.760 ms (0.0%)
[Performance] Application.InitializeEngineNoGraphics                                                                         :        1 samples, Peak.   297 ms (1.0x), Avg.   297 ms, Total. 297.4 ms (1.5%)
[Performance] Application.PackageManager.Initialize                                                                          :        1 samples, Peak.   120 ms (1.0x), Avg.   120 ms, Total. 120.2 ms (0.6%)
[Performance] Connecting to Package Manager                                                                                  :       13 samples, Peak.  60.0 us (10.3x), Avg.  5.82 us, Total. 75.70 us (0.0%)
[Performance] PackageManager::Api::RunRequestSynchronously                                                                   :       23 samples, Peak.  10.2 us (3.0x), Avg.  3.41 us, Total. 78.40 us (0.0%)
[Performance] Application.EngineGraphics.Initialize                                                                          :        1 samples, Peak.  21.6 ms (1.0x), Avg.  21.6 ms, Total. 21.57 ms (0.1%)
[Performance] Application.GI.Initialize                                                                                      :        1 samples, Peak.  5.99 ms (1.0x), Avg.  5.99 ms, Total. 5.990 ms (0.0%)
[Performance] Application.LoadAllDefaultResourcesFromEditor                                                                  :        1 samples, Peak.  1.67 ms (1.0x), Avg.  1.67 ms, Total. 1.669 ms (0.0%)
[Performance] Application.LoadMonoAssemblies                                                                                 :        1 samples, Peak.  1.02 s (1.0x), Avg.  1.02 s, Total. 1.020 s (5.3%)
[Performance] RestoreManagedReferences                                                                                       :        2 samples, Peak.  34.6 ms (2.0x), Avg.  17.3 ms, Total. 34.63 ms (0.2%)
[Performance] InitializeOnLoad MixerEffectDefinitionReloader                                                                 :        2 samples, Peak.  2.98 ms (1.2x), Avg.  2.47 ms, Total. 4.935 ms (0.0%)
[Performance] InitializeOnLoad SettingsService                                                                               :        2 samples, Peak.  13.8 us (1.2x), Avg.  12.0 us, Total. 23.90 us (0.0%)
[Performance] InitializeOnLoad AssetStoreContext                                                                             :        2 samples, Peak.  23.0 ms (1.1x), Avg.  21.8 ms, Total. 43.56 ms (0.2%)
[Performance] InitializeOnLoad ObjectSelectorSearch                                                                          :        2 samples, Peak.   364 us (1.5x), Avg.   240 us, Total. 480.3 us (0.0%)
[Performance] InitializeOnLoad SceneSearch                                                                                   :        2 samples, Peak.   281 us (1.2x), Avg.   243 us, Total. 486.4 us (0.0%)
[Performance] InitializeOnLoad ProjectSearch                                                                                 :        2 samples, Peak.  54.6 us (1.1x), Avg.  50.7 us, Total. 101.4 us (0.0%)
[Performance] InitializeOnLoad WindowLayout                                                                                  :        2 samples, Peak.   459 us (1.1x), Avg.   421 us, Total. 842.6 us (0.0%)
[Performance] InitializeOnLoad CacheServerWindow                                                                             :        2 samples, Peak.  20.0 us (1.3x), Avg.  15.9 us, Total. 31.70 us (0.0%)
[Performance] InitializeOnLoad NativeFormatImporterUtility                                                                   :        2 samples, Peak.  2.67 ms (1.2x), Avg.  2.18 ms, Total. 4.356 ms (0.0%)
[Performance] InitializeOnLoad DrivenRectTransformUndo                                                                       :        2 samples, Peak.   237 us (1.1x), Avg.   219 us, Total. 438.5 us (0.0%)
[Performance] InitializeOnLoad CloudBuild                                                                                    :        2 samples, Peak.  5.10 us (1.0x), Avg.  4.95 us, Total. 9.900 us (0.0%)
[Performance] InitializeOnLoad ManagedDebuggerWindow                                                                         :        2 samples, Peak.   726 us (1.1x), Avg.   682 us, Total. 1.364 ms (0.0%)
[Performance] InitializeOnLoad PrefabInstanceChangedListener                                                                 :        2 samples, Peak.   162 us (1.1x), Avg.   142 us, Total. 284.4 us (0.0%)
[Performance] InitializeOnLoad AddComponentWindow                                                                            :        2 samples, Peak.   155 us (1.2x), Avg.   130 us, Total. 259.6 us (0.0%)
[Performance] InitializeOnLoad ManagedDebugger                                                                               :        2 samples, Peak.   600 ns (1.2x), Avg.   500 ns, Total. 1000.0 ns (0.0%)
[Performance] InitializeOnLoad MenuItems                                                                                     :        2 samples, Peak.   185 us (1.4x), Avg.   130 us, Total. 260.1 us (0.0%)
[Performance] InitializeOnLoad EditMode                                                                                      :        2 samples, Peak.   484 us (1.2x), Avg.   400 us, Total. 799.3 us (0.0%)
[Performance] InitializeOnLoad UISystemProfilerRenderService                                                                 :        2 samples, Peak.  8.40 us (1.1x), Avg.  7.90 us, Total. 15.80 us (0.0%)
[Performance] InitializeOnLoad PlayModeDownload                                                                              :        2 samples, Peak.  4.52 ms (1.9x), Avg.  2.37 ms, Total. 4.734 ms (0.0%)
[Performance] InitializeOnLoad ShortcutIntegration                                                                           :        2 samples, Peak.  58.3 us (1.1x), Avg.  55.0 us, Total. 110.0 us (0.0%)
[Performance] InitializeOnLoad UnityConnect                                                                                  :        2 samples, Peak.  46.4 us (1.0x), Avg.  46.0 us, Total. 92.10 us (0.0%)
[Performance] InitializeOnLoad SearchService                                                                                 :        2 samples, Peak.   101 us (1.1x), Avg.  94.3 us, Total. 188.6 us (0.0%)
[Performance] InitializeOnLoad EditorMonitor                                                                                 :        2 samples, Peak.   592 us (1.2x), Avg.   513 us, Total. 1.027 ms (0.0%)
[Performance] InitializeOnLoad RetainedMode                                                                                  :        2 samples, Peak.  2.10 ms (1.1x), Avg.  1.99 ms, Total. 3.974 ms (0.0%)
[Performance] InitializeOnLoad EditorShaderLoader                                                                            :        2 samples, Peak.   596 us (1.0x), Avg.   584 us, Total. 1.167 ms (0.0%)
[Performance] InitializeOnLoad EditorDelegateRegistration                                                                    :        2 samples, Peak.   458 us (1.1x), Avg.   412 us, Total. 824.3 us (0.0%)
[Performance] InitializeOnLoad UIDocumentHierarchyWatcher                                                                    :        2 samples, Peak.  70.1 us (1.0x), Avg.  69.1 us, Total. 138.1 us (0.0%)
[Performance] InitializeOnLoad LiveReloadTrackerCreator                                                                      :        2 samples, Peak.   207 us (1.3x), Avg.   158 us, Total. 316.0 us (0.0%)
[Performance] InitializeOnLoad UxmlObjectEditorFactories                                                                     :        2 samples, Peak.   421 us (1.1x), Avg.   375 us, Total. 750.7 us (0.0%)
[Performance] InitializeOnLoad UXMLEditorFactories                                                                           :        2 samples, Peak.  55.4 ms (1.1x), Avg.  52.5 ms, Total. 105.0 ms (0.5%)
[Performance] InitializeOnLoad CloudBuildPoller                                                                              :        2 samples, Peak.   297 us (1.1x), Avg.   259 us, Total. 518.4 us (0.0%)
[Performance] InitializeOnLoad AdsService                                                                                    :        2 samples, Peak.  1.59 ms (1.1x), Avg.  1.43 ms, Total. 2.858 ms (0.0%)
[Performance] InitializeOnLoad EditorGameServicesAnalytics                                                                   :        2 samples, Peak.  2.69 ms (1.1x), Avg.  2.51 ms, Total. 5.013 ms (0.0%)
[Performance] InitializeOnLoad UDPService                                                                                    :        2 samples, Peak.   157 us (1.0x), Avg.   155 us, Total. 310.4 us (0.0%)
[Performance] InitializeOnLoad BuildService                                                                                  :        2 samples, Peak.   136 us (1.0x), Avg.   134 us, Total. 267.0 us (0.0%)
[Performance] InitializeOnLoad ServicesRepository                                                                            :        2 samples, Peak.   600 ns (1.1x), Avg.   550 ns, Total. 1.100 us (0.0%)
[Performance] InitializeOnLoad PurchasingService                                                                             :        2 samples, Peak.  4.70 ms (1.0x), Avg.  4.67 ms, Total. 9.344 ms (0.0%)
[Performance] InitializeOnLoad AnalyticsService                                                                              :        2 samples, Peak.   168 us (1.1x), Avg.   159 us, Total. 318.1 us (0.0%)
[Performance] InitializeOnLoad CrashService                                                                                  :        2 samples, Peak.   133 us (1.0x), Avg.   133 us, Total. 265.1 us (0.0%)
[Performance] InitializeOnLoad SearchWindow                                                                                  :        2 samples, Peak.   124 us (1.1x), Avg.   113 us, Total. 225.4 us (0.0%)
[Performance] InitializeOnLoad CustomIndexers                                                                                :        2 samples, Peak.  19.7 ms (1.2x), Avg.  17.0 ms, Total. 33.97 ms (0.2%)
[Performance] VersionControl.Task.Wait                                                                                       :        1 samples, Peak.  18.7 us (1.0x), Avg.  18.7 us, Total. 18.70 us (0.0%)
[Performance] InitializeOnLoad SearchMonitor                                                                                 :        2 samples, Peak.  1.01 ms (1.1x), Avg.   887 us, Total. 1.774 ms (0.0%)
[Performance] InitializeOnLoad ParameterControllerEditor                                                                     :        2 samples, Peak.  19.0 us (1.0x), Avg.  18.3 us, Total. 36.50 us (0.0%)
[Performance] InitializeOnLoad LayerSettingsWindow                                                                           :        2 samples, Peak.  21.8 us (1.7x), Avg.  12.9 us, Total. 25.80 us (0.0%)
[Performance] InitializeOnLoad PackageManagerHookGUIDConverter.RegisterPackagesEventHandler                                  :        2 samples, Peak.   698 us (1.7x), Avg.   418 us, Total. 836.1 us (0.0%)
[Performance] InitializeOnLoad EditorDragAndDrop.RegisterEditorClient                                                        :        2 samples, Peak.   203 us (1.1x), Avg.   188 us, Total. 375.1 us (0.0%)
[Performance] InitializeOnLoad EditorEventCallbacks.InitializeFontAssetResourceChangeCallBacks                               :        2 samples, Peak.  1.04 ms (1.0x), Avg.  1.03 ms, Total. 2.056 ms (0.0%)
[Performance] InitializeOnLoad SceneTemplateService.Init                                                                     :        2 samples, Peak.  1.13 ms (1.1x), Avg.  1.05 ms, Total. 2.108 ms (0.0%)
[Performance] InitializeOnLoad DiagnosticSwitchesConsoleMessage.Init                                                         :        2 samples, Peak.  9.98 ms (1.8x), Avg.  5.43 ms, Total. 10.86 ms (0.1%)
[Performance] InitializeOnLoad ScopedRegistryAddedPopup.SubscribeToRegistriesAdded                                           :        2 samples, Peak.  21.8 ms (1.5x), Avg.  14.7 ms, Total. 29.49 ms (0.2%)
[Performance] InitializeOnLoad SceneVisibilityManager.Initialize                                                             :        2 samples, Peak.  5.36 ms (1.8x), Avg.  3.05 ms, Total. 6.103 ms (0.0%)
[Performance] InitializeOnLoad PackageManagerWindow.EditorInitializedInSafeMode                                              :        2 samples, Peak.   289 us (1.4x), Avg.   202 us, Total. 404.2 us (0.0%)
[Performance] InitializeOnLoad ToolShortcutContext.Init                                                                      :        2 samples, Peak.   145 us (1.1x), Avg.   130 us, Total. 260.2 us (0.0%)
[Performance] InitializeOnLoad SysrootManager.Initialize                                                                     :        2 samples, Peak.   554 us (1.1x), Avg.   508 us, Total. 1.015 ms (0.0%)
[Performance] InitializeOnLoad SceneViewMotion.RegisterShortcutContexts                                                      :        2 samples, Peak.   142 us (1.0x), Avg.   138 us, Total. 275.5 us (0.0%)
[Performance] InitializeOnLoad MemoryProfilerCompilationGuard.InjectCompileGuard                                             :        2 samples, Peak.   182 us (1.1x), Avg.   163 us, Total. 326.0 us (0.0%)
[Performance] InitializeOnLoad EditorWindow.Initialize                                                                       :        2 samples, Peak.   222 us (1.0x), Avg.   214 us, Total. 427.2 us (0.0%)
[Performance] InitializeOnLoad AssetPostprocessingInternal.RefreshCustomDependencies                                         :        2 samples, Peak.  2.69 ms (1.4x), Avg.  1.97 ms, Total. 3.930 ms (0.0%)
[Performance] InitializeOnLoad RectSelection.RegisterShortcutContext                                                         :        2 samples, Peak.   177 us (1.1x), Avg.   168 us, Total. 337.0 us (0.0%)
[Performance] AssemblyReloadEvents.afterAssemblyReload: UnityEditor.SceneTemplate.SceneTemplateService.AfterAssemblyReload   :        2 samples, Peak.  3.64 ms (1.9x), Avg.  1.96 ms, Total. 3.910 ms (0.0%)
[Performance] ProcessService.EditorAfterLoadAllAssemblies                                                                    :        2 samples, Peak.   282 us (1.1x), Avg.   261 us, Total. 521.1 us (0.0%)
[Performance] Application.ReadLicenseInfo                                                                                    :        1 samples, Peak.  14.4 ms (1.0x), Avg.  14.4 ms, Total. 14.41 ms (0.1%)
[Performance] Application.InitialRefresh                                                                                     :        1 samples, Peak.  6.12 s (1.0x), Avg.  6.12 s, Total. 6.123 s (31.9%)
[Performance] BuilderAssetModificationProcessor.OnWillCreateAsset                                                            :       24 samples, Peak.  1.04 ms (13.6x), Avg.  76.4 us, Total. 1.833 ms (0.0%)
[Performance] ShaderImporter.SourceAssetModified                                                                             :       14 samples, Peak.  1000 ns (1.5x), Avg.   657 ns, Total. 9.200 us (0.0%)
[Performance] ShaderIncludeImporter.SourceAssetModified                                                                      :       14 samples, Peak.  2.30 us (2.4x), Avg.   964 ns, Total. 13.50 us (0.0%)
[Performance] Compiling Scripts                                                                                              :        1 samples, Peak.  4.47 s (1.0x), Avg.  4.47 s, Total. 4.469 s (23.3%)
[Performance] AssemblyReloadEvents.beforeAssemblyReload: UnityEditor.SceneTemplate.SceneTemplateService.BeforeAssemblyReload :        1 samples, Peak.   492 us (1.0x), Avg.   492 us, Total. 491.6 us (0.0%)
[Performance] PresetManagerPostProcessor.OnPreprocessAsset                                                                   :       52 samples, Peak.  1.23 ms (33.6x), Avg.  36.6 us, Total. 1.904 ms (0.0%)
[Performance] CancelSplashScreenOnAssetChange.OnPreprocessAsset                                                              :       52 samples, Peak.   128 us (30.2x), Avg.  4.23 us, Total. 219.9 us (0.0%)
[Performance] DidReloadScriptsAdvancedDropdownWindow.OnScriptReload                                                          :        1 samples, Peak.   183 us (1.0x), Avg.   183 us, Total. 182.7 us (0.0%)
[Performance] AssetDatabase.ImportAssets                                                                                     :       13 samples, Peak.  1.20 us (2.3x), Avg.   515 ns, Total. 6.700 us (0.0%)
[Performance] BuilderAssetPostprocessor.OnPostprocessAllAssets                                                               :       26 samples, Peak.  2.82 ms (11.6x), Avg.   244 us, Total. 6.337 ms (0.0%)
[Performance] ArtifactBrowserPostProcessor.OnPostprocessAllAssets                                                            :       26 samples, Peak.   430 us (12.0x), Avg.  35.9 us, Total. 932.4 us (0.0%)
[Performance] AssetEvents.OnPostprocessAllAssets                                                                             :       52 samples, Peak.   186 us (16.1x), Avg.  11.5 us, Total. 600.5 us (0.0%)
[Performance] AudioMixerPostprocessor.OnPostprocessAllAssets                                                                 :       26 samples, Peak.   248 us (11.8x), Avg.  21.0 us, Total. 545.7 us (0.0%)
[Performance] StyleCatalogPostProcessor.OnPostprocessAllAssets                                                               :       26 samples, Peak.  89.1 ms (13.0x), Avg.  6.86 ms, Total. 178.5 ms (0.9%)
[Performance] BuildCatalog                                                                                                   :        1 samples, Peak.  88.1 ms (1.0x), Avg.  88.1 ms, Total. 88.15 ms (0.5%)
[Performance] EditorResources.Load                                                                                           :        6 samples, Peak.  6.96 ms (2.7x), Avg.  2.54 ms, Total. 15.24 ms (0.1%)
[Performance] ModelImporterPostProcessor.OnPostprocessAllAssets                                                              :       26 samples, Peak.  3.44 ms (8.6x), Avg.   399 us, Total. 10.37 ms (0.1%)
[Performance] RetainedModeAssetPostprocessor.OnPostprocessAllAssets                                                          :       26 samples, Peak.  3.01 ms (12.4x), Avg.   242 us, Total. 6.287 ms (0.0%)
[Performance] AssetChangedListener.OnPostprocessAllAssets                                                                    :       26 samples, Peak.  1.70 ms (10.7x), Avg.   159 us, Total. 4.137 ms (0.0%)
[Performance] SpeedTreePostProcessor.OnPostprocessAllAssets                                                                  :       26 samples, Peak.   275 us (9.2x), Avg.  29.8 us, Total. 775.2 us (0.0%)
[Performance] TextAssetPostProcessor.OnPostprocessAllAssets                                                                  :       26 samples, Peak.  1.53 ms (9.4x), Avg.   163 us, Total. 4.242 ms (0.0%)
[Performance] SyncVS.PostprocessSyncProject                                                                                  :       13 samples, Peak.  1.78 ms (11.2x), Avg.   159 us, Total. 2.066 ms (0.0%)
[Performance] EditorApplication.projectChanged: UnityEditor.Audio.MixerEffectDefinitionReloader.OnProjectChanged             :       13 samples, Peak.   340 us (1.2x), Avg.   291 us, Total. 3.785 ms (0.0%)
[Performance] Application.ImportPackagesAndSetTemplateWhenCreatingProject                                                    :        1 samples, Peak.  12.6 ms (1.0x), Avg.  12.6 ms, Total. 12.60 ms (0.1%)
[Performance] Application.SyncCurrentColorSpace                                                                              :        1 samples, Peak.   400 ns (1.0x), Avg.   400 ns, Total. 400.0 ns (0.0%)
[Performance] Application.OnUsbDevicesChanged                                                                                :        1 samples, Peak.  11.1 ms (1.0x), Avg.  11.1 ms, Total. 11.15 ms (0.1%)
[Performance] Application.AssetDatabase.SaveAssets                                                                           :        1 samples, Peak.  3.08 ms (1.0x), Avg.  3.08 ms, Total. 3.084 ms (0.0%)
[Performance] BuilderAssetModificationProcessor.OnWillSaveAssets                                                             :       20 samples, Peak.   349 us (14.4x), Avg.  24.3 us, Total. 486.2 us (0.0%)
[Performance] TerrainModificationProcessor.OnWillSaveAssets                                                                  :       20 samples, Peak.   585 us (18.8x), Avg.  31.1 us, Total. 622.7 us (0.0%)
[Performance] Application.AssetInstanceCacheUpdate                                                                           :        1 samples, Peak.   200 ns (1.0x), Avg.   200 ns, Total. 200.0 ns (0.0%)
[Performance] Application.UnityExtensions.Initialize                                                                         :        1 samples, Peak.   258 us (1.0x), Avg.   258 us, Total. 258.5 us (0.0%)
[Performance] CodeEditorProjectSync.SyncEditorProject                                                                        :        1 samples, Peak.  73.0 us (1.0x), Avg.  73.0 us, Total. 73.00 us (0.0%)
[Performance] Application.ExecuteStartups                                                                                    :        1 samples, Peak.  19.7 ms (1.0x), Avg.  19.7 ms, Total. 19.73 ms (0.1%)
[Performance] Menu.RegisterMenuInterface                                                                                     :       26 samples, Peak.   600 ns (4.2x), Avg.   142 ns, Total. 3.700 us (0.0%)
[Performance] Gizmo.RebuildRenderers                                                                                         :        2 samples, Peak.  19.4 ms (1.9x), Avg. 10.00 ms, Total. 19.99 ms (0.1%)
[Performance] Gizmo.AddGizmoRenderers                                                                                        :       38 samples, Peak.  1.32 ms (21.4x), Avg.  61.9 us, Total. 2.352 ms (0.0%)
[Performance] Application.editorInitializingProject                                                                          :        1 samples, Peak.  97.3 ms (1.0x), Avg.  97.3 ms, Total. 97.33 ms (0.5%)
[Performance] Application.InitializeMenu                                                                                     :        1 samples, Peak.  41.4 ms (1.0x), Avg.  41.4 ms, Total. 41.40 ms (0.2%)
[Performance] Menu.RebuildAll                                                                                                :        1 samples, Peak.  41.4 ms (1.0x), Avg.  41.4 ms, Total. 41.39 ms (0.2%)
[Performance] Menu.BuildRegisteredMenuInterfaces                                                                             :        1 samples, Peak.  39.5 ms (1.0x), Avg.  39.5 ms, Total. 39.47 ms (0.2%)
[Performance] Menu.FilterMenuItem                                                                                            :      377 samples, Peak.  10.2 ms (373.4x), Avg.  27.4 us, Total. 10.32 ms (0.1%)
[Performance] UpdateAllMenus                                                                                                 :        1 samples, Peak.   624 us (1.0x), Avg.   624 us, Total. 624.2 us (0.0%)
[Performance] Menu.RebuildOSMainMenu                                                                                         :        3 samples, Peak.  1.18 ms (1.1x), Avg.  1.10 ms, Total. 3.287 ms (0.0%)
[Performance] EditorSceneManager.sceneClosing: UnityEditor.SceneVisibilityManager.EditorSceneManagerOnSceneClosing           :        1 samples, Peak.   247 us (1.0x), Avg.   247 us, Total. 247.3 us (0.0%)
[Performance] GUIView.RepaintAll.PlayerLoopController                                                                        :        1 samples, Peak.   900 ns (1.0x), Avg.   900 ns, Total. 900.0 ns (0.0%)
[Performance] EditorSceneManager.newSceneCreated: UnityEditor.SceneTemplate.SceneTemplateService.OnNewSceneCreated           :        1 samples, Peak.   230 us (1.0x), Avg.   230 us, Total. 230.3 us (0.0%)
[Performance] EditorSceneManager.newSceneCreated: UnityEditor.SceneVisibilityManager.EditorSceneManagerOnNewSceneCreated     :        1 samples, Peak.   182 us (1.0x), Avg.   182 us, Total. 182.0 us (0.0%)
[Performance] EditorSceneManager.newSceneCreated: UnityEditor.SceneManagement.StageNavigationManager.OnNewSceneCreated       :        1 samples, Peak.  54.5 us (1.0x), Avg.  54.5 us, Total. 54.50 us (0.0%)
[Performance] Application.InvokeFinishedLoadingProject                                                                       :        1 samples, Peak.   479 us (1.0x), Avg.   479 us, Total. 478.7 us (0.0%)
[Performance] ProcessService.OnProjectLoaded                                                                                 :        1 samples, Peak.  36.2 us (1.0x), Avg.  36.2 us, Total. 36.20 us (0.0%)
[Performance] AssetDatabase.Refresh                                                                                          :        2 samples, Peak.  1.10 s (2.0x), Avg.   549 ms, Total. 1.099 s (5.7%)
[Performance] TextureImporter.Import                                                                                         :       14 samples, Peak.   113 ms (1.2x), Avg.  93.5 ms, Total. 1.308 s (6.8%)
[Performance] AssetDatabase.ImportAsset                                                                                      :        6 samples, Peak.   125 ms (1.1x), Avg.   115 ms, Total. 687.3 ms (3.6%)
[Performance] SceneDataContainer.TransformHierarchyChangedSetParentCallback                                                  :        6 samples, Peak.  18.7 us (4.8x), Avg.  3.87 us, Total. 23.20 us (0.0%)
[Performance] SceneVisibilityState.IsFlagSetInParents                                                                        :        6 samples, Peak.  1000 ns (1.7x), Avg.   583 ns, Total. 3.500 us (0.0%)
[Performance] BuildAssetBundles                                                                                              :        1 samples, Peak.  4.45 s (1.0x), Avg.  4.45 s, Total. 4.445 s (23.1%)
[Performance] GenerateAssemblyTypeInfos                                                                                      :        2 samples, Peak.   730 us (1.7x), Avg.   436 us, Total. 872.7 us (0.0%)
[Performance] EditorApplication.quitting: callback in UnityEditor.TextCore.Text.EditorEventCallbacks                         :        1 samples, Peak.  5.31 ms (1.0x), Avg.  5.31 ms, Total. 5.311 ms (0.0%)
[Performance] Application.Shutdown.PauseProfilerSession                                                                      :        1 samples, Peak.  39.7 us (1.0x), Avg.  39.7 us, Total. 39.70 us (0.0%)
[Performance] Application.Shutdown.PauseAssetImportWorkers                                                                   :        1 samples, Peak.  47.6 us (1.0x), Avg.  47.6 us, Total. 47.60 us (0.0%)
[Performance] Application.Shutdown.SaveAssets                                                                                :        1 samples, Peak.   222 us (1.0x), Avg.   222 us, Total. 222.5 us (0.0%)
[Performance] Application.Shutdown.CleanupRenderPipeline                                                                     :        1 samples, Peak.  2.70 us (1.0x), Avg.  2.70 us, Total. 2.700 us (0.0%)
[Performance] Application.Shutdown.StopPreloadManager                                                                        :        1 samples, Peak.  9.98 ms (1.0x), Avg.  9.98 ms, Total. 9.984 ms (0.1%)
[Performance] Application.Shutdown.DestroyWorld                                                                              :        1 samples, Peak.   325 us (1.0x), Avg.   325 us, Total. 325.3 us (0.0%)
[Performance] Application.Shutdown.CleanupAfterLoad                                                                          :        1 samples, Peak.  2.77 ms (1.0x), Avg.  2.77 ms, Total. 2.774 ms (0.0%)
[Performance] Application.Shutdown.Progress                                                                                  :        1 samples, Peak.  5.30 us (1.0x), Avg.  5.30 us, Total. 5.300 us (0.0%)
[Performance] Application.Shutdown.GICleanupManagers                                                                         :        1 samples, Peak.   456 us (1.0x), Avg.   456 us, Total. 456.1 us (0.0%)
[Performance] Application.Shutdown.MenuCleanupClass                                                                          :        1 samples, Peak.   126 us (1.0x), Avg.   126 us, Total. 126.3 us (0.0%)
[Performance] Application.Shutdown.ADBSaveStateBeforeShutdown                                                                :        1 samples, Peak.  6.20 us (1.0x), Avg.  6.20 us, Total. 6.200 us (0.0%)
[Performance] Application.Shutdown.RemoteShutdown                                                                            :        1 samples, Peak.   700 ns (1.0x), Avg.   700 ns, Total. 700.0 ns (0.0%)
[Performance] Application.Shutdown.CleanupVCProvider                                                                         :        1 samples, Peak.  16.0 us (1.0x), Avg.  16.0 us, Total. 16.00 us (0.0%)
[Performance] Application.Shutdown.InputShutdown                                                                             :        1 samples, Peak.   500 ns (1.0x), Avg.   500 ns, Total. 500.0 ns (0.0%)
[Performance] Application.Shutdown.GizmoManagerDestroy                                                                       :        1 samples, Peak.   936 us (1.0x), Avg.   936 us, Total. 935.6 us (0.0%)
[Performance] Application.Shutdown.ProfilerSession                                                                           :        1 samples, Peak.   141 us (1.0x), Avg.   141 us, Total. 141.3 us (0.0%)
[Performance] Application.Shutdown.ReleaseGfxWindowOnAllGUIViews                                                             :        1 samples, Peak.   200 ns (1.0x), Avg.   200 ns, Total. 200.0 ns (0.0%)
[Performance] Application.Shutdown.CleanupEngine                                                                             :        1 samples, Peak.   132 ms (1.0x), Avg.   132 ms, Total. 131.7 ms (0.7%)
[Performance] Application.Shutdown.CleanupAssetDatabase                                                                      :        1 samples, Peak.  2.79 ms (1.0x), Avg.  2.79 ms, Total. 2.795 ms (0.0%)
[Performance] Application.Shutdown.ScriptCompilationCleanUp                                                                  :        1 samples, Peak.  20.0 ms (1.0x), Avg.  20.0 ms, Total. 20.03 ms (0.1%)
[Performance] Application.Shutdown.DestroyJobSystem                                                                          :        1 samples, Peak.   106 us (1.0x), Avg.   106 us, Total. 106.5 us (0.0%)
[Performance] Application.Shutdown.CleanupPersistentManager                                                                  :        1 samples, Peak.   331 us (1.0x), Avg.   331 us, Total. 330.8 us (0.0%)
[Performance] Application.Shutdown.CleanupAsyncReadManager                                                                   :        1 samples, Peak.   224 us (1.0x), Avg.   224 us, Total. 223.9 us (0.0%)
[Performance] Application.Shutdown.CleanupProgressBar                                                                        :        1 samples, Peak.   400 ns (1.0x), Avg.   400 ns, Total. 400.0 ns (0.0%)
[Performance] Application.Shutdown.CleanupMono                                                                               :        1 samples, Peak.  53.3 ms (1.0x), Avg.  53.3 ms, Total. 53.26 ms (0.3%)
[Performance] Application.Shutdown.CleanupStdConverters                                                                      :        1 samples, Peak.  13.2 us (1.0x), Avg.  13.2 us, Total. 13.20 us (0.0%)
[Performance] Application.Shutdown.UnloadAllPlatformSupportModuleNativeDlls                                                  :        1 samples, Peak.   700 ns (1.0x), Avg.   700 ns, Total. 700.0 ns (0.0%)
[Performance] Application.Shutdown.UnloadAllPlatformSupportNativeLibraries                                                   :        1 samples, Peak.   200 ns (1.0x), Avg.   200 ns, Total. 200.0 ns (0.0%)
[Performance] Application.Shutdown.CleanupAutoDocumentation                                                                  :        1 samples, Peak.   426 us (1.0x), Avg.   426 us, Total. 426.4 us (0.0%)
[Performance] Application.Shutdown.ShaderNameManagerDestroy                                                                  :        1 samples, Peak.  59.8 us (1.0x), Avg.  59.8 us, Total. 59.80 us (0.0%)
[Performance] Application.Shutdown.CleanupCacheServer                                                                        :        1 samples, Peak.   300 ns (1.0x), Avg.   300 ns, Total. 300.0 ns (0.0%)
[Performance] Application.Shutdown.Virtualization_Shutdown                                                                   :        1 samples, Peak.   200 ns (1.0x), Avg.   200 ns, Total. 200.0 ns (0.0%)
[Performance] Application.Shutdown.DevConnections                                                                            :        1 samples, Peak.   235 us (1.0x), Avg.   235 us, Total. 235.3 us (0.0%)
Exiting batchmode successfully now!
Exiting without the bug reporter. Application will terminate with return code 0